#
# There is insufficient memory for the Java Runtime Environment to continue.
# Native memory allocation (malloc) failed to allocate 469776 bytes. Error detail: Chunk::new
# Possible reasons:
#   The system is out of physical RAM or swap space
#   This process is running with CompressedOops enabled, and the Java Heap may be blocking the growth of the native heap
# Possible solutions:
#   Reduce memory load on the system
#   Increase physical memory or swap space
#   Check if swap backing store is full
#   Decrease Java heap size (-Xmx/-Xms)
#   Decrease number of Java threads
#   Decrease Java thread stack sizes (-Xss)
#   Set larger code cache with -XX:ReservedCodeCacheSize=
#   JVM is running with Unscaled Compressed Oops mode in which the Java heap is
#     placed in the first 4GB address space. The Java Heap base address is the
#     maximum limit for the native heap growth. Please use -XX:HeapBaseMinAddress
#     to set the Java Heap base and to place the Java Heap above 4GB virtual address.
# This output file may be truncated or incomplete.
#
#  Out of Memory Error (arena.cpp:168), pid=25496, tid=38620
#
# JRE version: OpenJDK Runtime Environment Temurin-21.0.10+7 (21.0.10+7) (build 21.0.10+7-LTS)
# Java VM: OpenJDK 64-Bit Server VM Temurin-21.0.10+7 (21.0.10+7-LTS, mixed mode, sharing, tiered, compressed oops, compressed class ptrs, parallel gc, windows-amd64)
# No core dump will be written. Minidumps are not enabled by default on client versions of Windows
#

---------------  S U M M A R Y ------------

Command Line: --add-modules=ALL-SYSTEM --add-opens=java.base/java.util=ALL-UNNAMED --add-opens=java.base/java.lang=ALL-UNNAMED --add-opens=java.base/sun.nio.fs=ALL-UNNAMED -Declipse.application=org.eclipse.jdt.ls.core.id1 -Dosgi.bundles.defaultStartLevel=4 -Declipse.product=org.eclipse.jdt.ls.core.product -Djava.import.generatesMetadataFilesAtProjectRoot=false -DDetectVMInstallationsJob.disabled=true -Dfile.encoding=utf8 -XX:+UseParallelGC -XX:GCTimeRatio=4 -XX:AdaptiveSizePolicyWeight=90 -Dsun.zip.disableMemoryMapping=true -Xmx2G -Xms100m -Xlog:disable -javaagent:c:\Users\HP\.vscode\extensions\redhat.java-1.54.0-win32-x64\lombok\lombok-1.18.39-4050.jar c:\Users\HP\.vscode\extensions\redhat.java-1.54.0-win32-x64\server\plugins\org.eclipse.equinox.launcher_1.7.100.v20251111-0406.jar -configuration c:\Users\HP\AppData\Roaming\Code\User\globalStorage\redhat.java\1.54.0\config_ss_win -data c:\Users\HP\AppData\Roaming\Code\User\workspaceStorage\0f96ec3aa47e8d701519645bb2bb7edb\redhat.java\ss_ws --pipe=\\.\pipe\lsp-e4d6059a80920d97dbbe3f858c5d18f1-sock

Host: AMD Ryzen 7 5700U with Radeon Graphics         , 16 cores, 7G,  Windows 11 , 64 bit Build 22621 (10.0.22621.5415)
Time: Mon Jun  1 12:19:12 2026 SE Asia Standard Time elapsed time: 4.513958 seconds (0d 0h 0m 4s)

---------------  T H R E A D  ---------------

Current thread (0x000002b1ef2eec10):  JavaThread "C2 CompilerThread1" daemon [_thread_in_native, id=38620, stack(0x000000f311000000,0x000000f311100000) (1024K)]


Current CompileTask:
C2:4514 2865       4       org.lombokweb.asm.ClassReader::readMethod (1070 bytes)

Stack: [0x000000f311000000,0x000000f311100000]
Native frames: (J=compiled Java code, j=interpreted, Vv=VM code, C=native code)
V  [jvm.dll+0x6d7a39]
V  [jvm.dll+0x8b4b26]
V  [jvm.dll+0x8b70de]
V  [jvm.dll+0x8b77c3]
V  [jvm.dll+0x284346]
V  [jvm.dll+0xc66ed]
V  [jvm.dll+0xc6c31]
V  [jvm.dll+0x2fb29e]
V  [jvm.dll+0x5fe884]
V  [jvm.dll+0x255b17]
V  [jvm.dll+0x24dc0b]
V  [jvm.dll+0x24ba42]
V  [jvm.dll+0x1cb34e]
V  [jvm.dll+0x25b85d]
V  [jvm.dll+0x259dea]
V  [jvm.dll+0x3f857e]
V  [jvm.dll+0x85f59d]
V  [jvm.dll+0x6d626d]
C  [ucrtbase.dll+0x29333]
C  [KERNEL32.DLL+0x1259d]
C  [ntdll.dll+0x5af78]


---------------  P R O C E S S  ---------------

Threads class SMR info:
_java_thread_list=0x000002b1eab174c0, length=22, elements={
0x000002b1d0e7d330, 0x000002b1e792df40, 0x000002b1e8ee68d0, 0x000002b1e8ee8ae0,
0x000002b1e8ee9a00, 0x000002b1e8eee440, 0x000002b1e8ef26b0, 0x000002b1e8ef6f50,
0x000002b1e8efa0c0, 0x000002b1e8ff61a0, 0x000002b1e8ffb010, 0x000002b1e917cc60,
0x000002b1e91b6ba0, 0x000002b1e917ab90, 0x000002b1e917b220, 0x000002b1e917c5d0,
0x000002b1e91797e0, 0x000002b1e917b8b0, 0x000002b1ef2eec10, 0x000002b1e9179e70,
0x000002b1e917a500, 0x000002b1ef5fc1a0
}

Java Threads: ( => current thread )
  0x000002b1d0e7d330 JavaThread "main"                              [_thread_blocked, id=35904, stack(0x000000f310200000,0x000000f310300000) (1024K)]
  0x000002b1e792df40 JavaThread "Reference Handler"          daemon [_thread_blocked, id=2404, stack(0x000000f310600000,0x000000f310700000) (1024K)]
  0x000002b1e8ee68d0 JavaThread "Finalizer"                  daemon [_thread_blocked, id=28508, stack(0x000000f310700000,0x000000f310800000) (1024K)]
  0x000002b1e8ee8ae0 JavaThread "Signal Dispatcher"          daemon [_thread_blocked, id=17628, stack(0x000000f310800000,0x000000f310900000) (1024K)]
  0x000002b1e8ee9a00 JavaThread "Attach Listener"            daemon [_thread_blocked, id=30444, stack(0x000000f310900000,0x000000f310a00000) (1024K)]
  0x000002b1e8eee440 JavaThread "Service Thread"             daemon [_thread_blocked, id=15652, stack(0x000000f310a00000,0x000000f310b00000) (1024K)]
  0x000002b1e8ef26b0 JavaThread "Monitor Deflation Thread"   daemon [_thread_blocked, id=31520, stack(0x000000f310b00000,0x000000f310c00000) (1024K)]
  0x000002b1e8ef6f50 JavaThread "C2 CompilerThread0"         daemon [_thread_in_native, id=4040, stack(0x000000f310c00000,0x000000f310d00000) (1024K)]
  0x000002b1e8efa0c0 JavaThread "C1 CompilerThread0"         daemon [_thread_blocked, id=5204, stack(0x000000f310d00000,0x000000f310e00000) (1024K)]
  0x000002b1e8ff61a0 JavaThread "C1 CompilerThread1"         daemon [_thread_blocked, id=23692, stack(0x000000f310e00000,0x000000f310f00000) (1024K)]
  0x000002b1e8ffb010 JavaThread "C1 CompilerThread2"         daemon [_thread_blocked, id=3472, stack(0x000000f310f00000,0x000000f311000000) (1024K)]
  0x000002b1e917cc60 JavaThread "Common-Cleaner"             daemon [_thread_blocked, id=9000, stack(0x000000f311100000,0x000000f311200000) (1024K)]
  0x000002b1e91b6ba0 JavaThread "C1 CompilerThread3"         daemon [_thread_blocked, id=37016, stack(0x000000f311200000,0x000000f311300000) (1024K)]
  0x000002b1e917ab90 JavaThread "Notification Thread"        daemon [_thread_blocked, id=7000, stack(0x000000f311300000,0x000000f311400000) (1024K)]
  0x000002b1e917b220 JavaThread "Active Thread: Equinox Container: e61a28ac-054a-4512-b993-64785490fb25"        [_thread_blocked, id=21984, stack(0x000000f311b00000,0x000000f311c00000) (1024K)]
  0x000002b1e917c5d0 JavaThread "Framework Event Dispatcher: Equinox Container: e61a28ac-054a-4512-b993-64785490fb25" daemon [_thread_blocked, id=25656, stack(0x000000f311d00000,0x000000f311e00000) (1024K)]
  0x000002b1e91797e0 JavaThread "Start Level: Equinox Container: e61a28ac-054a-4512-b993-64785490fb25" daemon [_thread_in_native, id=10604, stack(0x000000f311e00000,0x000000f311f00000) (1024K)]
  0x000002b1e917b8b0 JavaThread "SCR Component Actor"        daemon [_thread_blocked, id=27492, stack(0x000000f311400000,0x000000f311500000) (1024K)]
=>0x000002b1ef2eec10 JavaThread "C2 CompilerThread1"         daemon [_thread_in_native, id=38620, stack(0x000000f311000000,0x000000f311100000) (1024K)]
  0x000002b1e9179e70 JavaThread "Worker-JM"                         [_thread_blocked, id=13092, stack(0x000000f311f00000,0x000000f312000000) (1024K)]
  0x000002b1e917a500 JavaThread "Worker-0"                          [_thread_blocked, id=18888, stack(0x000000f312200000,0x000000f312300000) (1024K)]
  0x000002b1ef5fc1a0 JavaThread "Worker-1"                          [_thread_blocked, id=4744, stack(0x000000f312300000,0x000000f312400000) (1024K)]
Total: 22

Other Threads:
  0x000002b1e8ee36d0 VMThread "VM Thread"                           [id=38124, stack(0x000000f310500000,0x000000f310600000) (1024K)]
  0x000002b1e780ca10 WatcherThread "VM Periodic Task Thread"        [id=27040, stack(0x000000f310400000,0x000000f310500000) (1024K)]
  0x000002b1d0e9c6c0 WorkerThread "GC Thread#0"                     [id=33696, stack(0x000000f310300000,0x000000f310400000) (1024K)]
  0x000002b1eab22820 WorkerThread "GC Thread#1"                     [id=11780, stack(0x000000f311500000,0x000000f311600000) (1024K)]
  0x000002b1eab22bd0 WorkerThread "GC Thread#2"                     [id=33176, stack(0x000000f311600000,0x000000f311700000) (1024K)]
  0x000002b1ea911100 WorkerThread "GC Thread#3"                     [id=6412, stack(0x000000f311700000,0x000000f311800000) (1024K)]
  0x000002b1ea9114b0 WorkerThread "GC Thread#4"                     [id=35160, stack(0x000000f311800000,0x000000f311900000) (1024K)]
  0x000002b1ea911860 WorkerThread "GC Thread#5"                     [id=38180, stack(0x000000f311900000,0x000000f311a00000) (1024K)]
  0x000002b1eab33d60 WorkerThread "GC Thread#6"                     [id=3184, stack(0x000000f311a00000,0x000000f311b00000) (1024K)]
  0x000002b1ead777e0 WorkerThread "GC Thread#7"                     [id=37628, stack(0x000000f311c00000,0x000000f311d00000) (1024K)]
  0x000002b1ef640a70 WorkerThread "GC Thread#8"                     [id=25716, stack(0x000000f312000000,0x000000f312100000) (1024K)]
  0x000002b1ef640e20 WorkerThread "GC Thread#9"                     [id=18732, stack(0x000000f312100000,0x000000f312200000) (1024K)]
  0x000002b1ef787c40 WorkerThread "GC Thread#10"                    [id=29428, stack(0x000000f312400000,0x000000f312500000) (1024K)]
  0x000002b1ef6b0180 WorkerThread "GC Thread#11"                    [id=11284, stack(0x000000f312500000,0x000000f312600000) (1024K)]
  0x000002b1ef6fa100 WorkerThread "GC Thread#12"                    [id=15200, stack(0x000000f312600000,0x000000f312700000) (1024K)]
Total: 15

Threads with active compile tasks:
C2 CompilerThread0  4555 2941       4       lombok.patcher.PatchScript$MethodPatcher::visitMethod (158 bytes)
C2 CompilerThread1  4555 2865       4       org.lombokweb.asm.ClassReader::readMethod (1070 bytes)
Total: 2

VM state: not at safepoint (normal execution)

VM Mutex/Monitor currently owned by a thread: None

Heap address: 0x0000000080000000, size: 2048 MB, Compressed Oops mode: 32-bit

CDS archive(s) mapped at: [0x000002b180000000-0x000002b180ba0000-0x000002b180ba0000), size 12189696, SharedBaseAddress: 0x000002b180000000, ArchiveRelocationMode: 1.
Compressed class space mapped at: 0x000002b181000000-0x000002b1c1000000, reserved size: 1073741824
Narrow klass base: 0x000002b180000000, Narrow klass shift: 0, Narrow klass range: 0x100000000

GC Precious Log:
 CardTable entry size: 512
 CPUs: 16 total, 16 available
 Memory: 7501M
 Large Page Support: Disabled
 NUMA Support: Disabled
 Compressed Oops: Enabled (32-bit)
 Alignments: Space 512K, Generation 512K, Heap 2M
 Heap Min Capacity: 100M
 Heap Initial Capacity: 100M
 Heap Max Capacity: 2G
 Pre-touch: Disabled
 Parallel Workers: 13

Heap:
 PSYoungGen      total 31744K, used 1970K [0x00000000d5580000, 0x00000000d7b00000, 0x0000000100000000)
  eden space 25088K, 7% used [0x00000000d5580000,0x00000000d576c980,0x00000000d6e00000)
  from space 6656K, 0% used [0x00000000d7480000,0x00000000d7480000,0x00000000d7b00000)
  to   space 6656K, 0% used [0x00000000d6e00000,0x00000000d6e00000,0x00000000d7480000)
 ParOldGen       total 68608K, used 10338K [0x0000000080000000, 0x0000000084300000, 0x00000000d5580000)
  object space 68608K, 15% used [0x0000000080000000,0x0000000080a18b28,0x0000000084300000)
 Metaspace       used 20994K, committed 21696K, reserved 1114112K
  class space    used 2001K, committed 2304K, reserved 1048576K

Card table byte_map: [0x000002b1d0830000,0x000002b1d0c40000] _byte_map_base: 0x000002b1d0430000

Marking Bits: (ParMarkBitMap*) 0x00007ff83f033450
 Begin Bits: [0x000002b1e3330000, 0x000002b1e5330000)
 End Bits:   [0x000002b1e5330000, 0x000002b1e7330000)

Polling page: 0x000002b1ced60000

Metaspace:

Usage:
  Non-class:     18.55 MB used.
      Class:      1.95 MB used.
       Both:     20.50 MB used.

Virtual space:
  Non-class space:       64.00 MB reserved,      18.94 MB ( 30%) committed,  1 nodes.
      Class space:        1.00 GB reserved,       2.25 MB ( <1%) committed,  1 nodes.
             Both:        1.06 GB reserved,      21.19 MB (  2%) committed. 

Chunk freelists:
   Non-Class:  12.43 MB
       Class:  13.81 MB
        Both:  26.24 MB

MaxMetaspaceSize: unlimited
CompressedClassSpaceSize: 1.00 GB
Initial GC threshold: 21.00 MB
Current GC threshold: 35.00 MB
CDS: on
 - commit_granule_bytes: 65536.
 - commit_granule_words: 8192.
 - virtual_space_node_default_size: 8388608.
 - enlarge_chunks_in_place: 1.
 - use_allocation_guard: 0.


Internal statistics:

num_allocs_failed_limit: 3.
num_arena_births: 454.
num_arena_deaths: 14.
num_vsnodes_births: 2.
num_vsnodes_deaths: 0.
num_space_committed: 339.
num_space_uncommitted: 0.
num_chunks_returned_to_freelist: 17.
num_chunks_taken_from_freelist: 1244.
num_chunk_merges: 9.
num_chunk_splits: 814.
num_chunks_enlarged: 523.
num_inconsistent_stats: 0.

CodeHeap 'non-profiled nmethods': size=119168Kb used=1251Kb max_used=1251Kb free=117916Kb
 bounds [0x000002b1dbc20000, 0x000002b1dbe90000, 0x000002b1e3080000]
CodeHeap 'profiled nmethods': size=119104Kb used=5909Kb max_used=5909Kb free=113194Kb
 bounds [0x000002b1d4080000, 0x000002b1d4650000, 0x000002b1db4d0000]
CodeHeap 'non-nmethods': size=7488Kb used=2999Kb max_used=3019Kb free=4488Kb
 bounds [0x000002b1db4d0000, 0x000002b1db7d0000, 0x000002b1dbc20000]
CodeCache: size=245760Kb, used=10159Kb, max_used=10179Kb, free=235598Kb
 total_blobs=3550, nmethods=2958, adapters=495, full_count=0
Compilation: enabled, stopped_count=0, restarted_count=0

Compilation events (20 events):
Event: 4.442 Thread 0x000002b1e8ffb010 nmethod 2947 0x000002b1d4635590 code [0x000002b1d4635740, 0x000002b1d4635950]
Event: 4.443 Thread 0x000002b1e91b6ba0 2948       3       org.lombokweb.asm.MethodWriter::visitTypeInsn (116 bytes)
Event: 4.444 Thread 0x000002b1e8efa0c0 nmethod 2946 0x000002b1d4635a10 code [0x000002b1d4635dc0, 0x000002b1d4637358]
Event: 4.444 Thread 0x000002b1e8ff61a0 2949       3       org.lombokweb.asm.MethodWriter::endCurrentBasicBlockWithNoSuccessor (98 bytes)
Event: 4.444 Thread 0x000002b1e91b6ba0 nmethod 2948 0x000002b1d4637c90 code [0x000002b1d4637e80, 0x000002b1d46382e8]
Event: 4.444 Thread 0x000002b1e8ff61a0 nmethod 2949 0x000002b1d4638510 code [0x000002b1d4638700, 0x000002b1d4638bc8]
Event: 4.447 Thread 0x000002b1e8ffb010 2951       3       org.lombokweb.asm.MethodVisitor::visitTypeInsn (17 bytes)
Event: 4.447 Thread 0x000002b1e8ffb010 nmethod 2951 0x000002b1d4638d90 code [0x000002b1d4638f40, 0x000002b1d4639148]
Event: 4.496 Thread 0x000002b1e8ef6f50 nmethod 2934 0x000002b1dbd56710 code [0x000002b1dbd569a0, 0x000002b1dbd57b40]
Event: 4.496 Thread 0x000002b1e8ef6f50 2952       4       java.util.concurrent.locks.ReentrantLock$Sync::tryRelease (51 bytes)
Event: 4.498 Thread 0x000002b1e8ef6f50 nmethod 2952 0x000002b1dbd58a90 code [0x000002b1dbd58c20, 0x000002b1dbd58cf8]
Event: 4.498 Thread 0x000002b1e8ef6f50 2941       4       lombok.patcher.PatchScript$MethodPatcher::visitMethod (158 bytes)
Event: 4.501 Thread 0x000002b1e91b6ba0 2953       3       jdk.internal.loader.BuiltinClassLoader$2::run (5 bytes)
Event: 4.501 Thread 0x000002b1e8ffb010 2954   !   3       jdk.internal.loader.BuiltinClassLoader$2::run (114 bytes)
Event: 4.502 Thread 0x000002b1e91b6ba0 nmethod 2953 0x000002b1d4639210 code [0x000002b1d46393c0, 0x000002b1d4639518]
Event: 4.503 Thread 0x000002b1e8ffb010 nmethod 2954 0x000002b1d4639610 code [0x000002b1d46398c0, 0x000002b1d463a6c0]
Event: 4.508 Thread 0x000002b1e8ffb010 2955       3       org.eclipse.osgi.internal.hookregistry.ClassLoaderHook::preFindLocalResource (1 bytes)
Event: 4.508 Thread 0x000002b1e91b6ba0 2956       3       org.eclipse.osgi.internal.hookregistry.ClassLoaderHook::postFindLocalResource (1 bytes)
Event: 4.508 Thread 0x000002b1e91b6ba0 nmethod 2956 0x000002b1d463ab90 code [0x000002b1d463ad20, 0x000002b1d463ae28]
Event: 4.508 Thread 0x000002b1e8ffb010 nmethod 2955 0x000002b1d463af10 code [0x000002b1d463b0a0, 0x000002b1d463b1a8]

GC Heap History (14 events):
Event: 1.167 GC heap before
{Heap before GC invocations=1 (full 0):
 PSYoungGen      total 29696K, used 25600K [0x00000000d5580000, 0x00000000d7680000, 0x0000000100000000)
  eden space 25600K, 100% used [0x00000000d5580000,0x00000000d6e80000,0x00000000d6e80000)
  from space 4096K, 0% used [0x00000000d7280000,0x00000000d7280000,0x00000000d7680000)
  to   space 4096K, 0% used [0x00000000d6e80000,0x00000000d6e80000,0x00000000d7280000)
 ParOldGen       total 68608K, used 0K [0x0000000080000000, 0x0000000084300000, 0x00000000d5580000)
  object space 68608K, 0% used [0x0000000080000000,0x0000000080000000,0x0000000084300000)
 Metaspace       used 4168K, committed 4416K, reserved 1114112K
  class space    used 455K, committed 576K, reserved 1048576K
}
Event: 1.177 GC heap after
{Heap after GC invocations=1 (full 0):
 PSYoungGen      total 29696K, used 3723K [0x00000000d5580000, 0x00000000d7680000, 0x0000000100000000)
  eden space 25600K, 0% used [0x00000000d5580000,0x00000000d5580000,0x00000000d6e80000)
  from space 4096K, 90% used [0x00000000d6e80000,0x00000000d7222ff0,0x00000000d7280000)
  to   space 4096K, 0% used [0x00000000d7280000,0x00000000d7280000,0x00000000d7680000)
 ParOldGen       total 68608K, used 16K [0x0000000080000000, 0x0000000084300000, 0x00000000d5580000)
  object space 68608K, 0% used [0x0000000080000000,0x0000000080004000,0x0000000084300000)
 Metaspace       used 4168K, committed 4416K, reserved 1114112K
  class space    used 455K, committed 576K, reserved 1048576K
}
Event: 2.139 GC heap before
{Heap before GC invocations=2 (full 0):
 PSYoungGen      total 29696K, used 29323K [0x00000000d5580000, 0x00000000d7680000, 0x0000000100000000)
  eden space 25600K, 100% used [0x00000000d5580000,0x00000000d6e80000,0x00000000d6e80000)
  from space 4096K, 90% used [0x00000000d6e80000,0x00000000d7222ff0,0x00000000d7280000)
  to   space 4096K, 0% used [0x00000000d7280000,0x00000000d7280000,0x00000000d7680000)
 ParOldGen       total 68608K, used 16K [0x0000000080000000, 0x0000000084300000, 0x00000000d5580000)
  object space 68608K, 0% used [0x0000000080000000,0x0000000080004000,0x0000000084300000)
 Metaspace       used 7987K, committed 8256K, reserved 1114112K
  class space    used 831K, committed 960K, reserved 1048576K
}
Event: 2.147 GC heap after
{Heap after GC invocations=2 (full 0):
 PSYoungGen      total 29696K, used 4086K [0x00000000d5580000, 0x00000000d7680000, 0x0000000100000000)
  eden space 25600K, 0% used [0x00000000d5580000,0x00000000d5580000,0x00000000d6e80000)
  from space 4096K, 99% used [0x00000000d7280000,0x00000000d767d810,0x00000000d7680000)
  to   space 4096K, 0% used [0x00000000d6e80000,0x00000000d6e80000,0x00000000d7280000)
 ParOldGen       total 68608K, used 1085K [0x0000000080000000, 0x0000000084300000, 0x00000000d5580000)
  object space 68608K, 1% used [0x0000000080000000,0x000000008010f6b8,0x0000000084300000)
 Metaspace       used 7987K, committed 8256K, reserved 1114112K
  class space    used 831K, committed 960K, reserved 1048576K
}
Event: 2.952 GC heap before
{Heap before GC invocations=3 (full 0):
 PSYoungGen      total 29696K, used 29686K [0x00000000d5580000, 0x00000000d7680000, 0x0000000100000000)
  eden space 25600K, 100% used [0x00000000d5580000,0x00000000d6e80000,0x00000000d6e80000)
  from space 4096K, 99% used [0x00000000d7280000,0x00000000d767d810,0x00000000d7680000)
  to   space 4096K, 0% used [0x00000000d6e80000,0x00000000d6e80000,0x00000000d7280000)
 ParOldGen       total 68608K, used 1085K [0x0000000080000000, 0x0000000084300000, 0x00000000d5580000)
  object space 68608K, 1% used [0x0000000080000000,0x000000008010f6b8,0x0000000084300000)
 Metaspace       used 12785K, committed 13312K, reserved 1114112K
  class space    used 1351K, committed 1600K, reserved 1048576K
}
Event: 2.959 GC heap after
{Heap after GC invocations=3 (full 0):
 PSYoungGen      total 29696K, used 4066K [0x00000000d5580000, 0x00000000d7680000, 0x0000000100000000)
  eden space 25600K, 0% used [0x00000000d5580000,0x00000000d5580000,0x00000000d6e80000)
  from space 4096K, 99% used [0x00000000d6e80000,0x00000000d7278870,0x00000000d7280000)
  to   space 4096K, 0% used [0x00000000d7280000,0x00000000d7280000,0x00000000d7680000)
 ParOldGen       total 68608K, used 2580K [0x0000000080000000, 0x0000000084300000, 0x00000000d5580000)
  object space 68608K, 3% used [0x0000000080000000,0x00000000802851f8,0x0000000084300000)
 Metaspace       used 12785K, committed 13312K, reserved 1114112K
  class space    used 1351K, committed 1600K, reserved 1048576K
}
Event: 3.683 GC heap before
{Heap before GC invocations=4 (full 0):
 PSYoungGen      total 29696K, used 29666K [0x00000000d5580000, 0x00000000d7680000, 0x0000000100000000)
  eden space 25600K, 100% used [0x00000000d5580000,0x00000000d6e80000,0x00000000d6e80000)
  from space 4096K, 99% used [0x00000000d6e80000,0x00000000d7278870,0x00000000d7280000)
  to   space 4096K, 0% used [0x00000000d7280000,0x00000000d7280000,0x00000000d7680000)
 ParOldGen       total 68608K, used 2580K [0x0000000080000000, 0x0000000084300000, 0x00000000d5580000)
  object space 68608K, 3% used [0x0000000080000000,0x00000000802851f8,0x0000000084300000)
 Metaspace       used 16189K, committed 16832K, reserved 1114112K
  class space    used 1665K, committed 1920K, reserved 1048576K
}
Event: 3.689 GC heap after
{Heap after GC invocations=4 (full 0):
 PSYoungGen      total 29696K, used 4094K [0x00000000d5580000, 0x00000000d7680000, 0x0000000100000000)
  eden space 25600K, 0% used [0x00000000d5580000,0x00000000d5580000,0x00000000d6e80000)
  from space 4096K, 99% used [0x00000000d7280000,0x00000000d767faa8,0x00000000d7680000)
  to   space 4096K, 0% used [0x00000000d6e80000,0x00000000d6e80000,0x00000000d7280000)
 ParOldGen       total 68608K, used 5671K [0x0000000080000000, 0x0000000084300000, 0x00000000d5580000)
  object space 68608K, 8% used [0x0000000080000000,0x0000000080589ee0,0x0000000084300000)
 Metaspace       used 16189K, committed 16832K, reserved 1114112K
  class space    used 1665K, committed 1920K, reserved 1048576K
}
Event: 4.146 GC heap before
{Heap before GC invocations=5 (full 0):
 PSYoungGen      total 29696K, used 29694K [0x00000000d5580000, 0x00000000d7680000, 0x0000000100000000)
  eden space 25600K, 100% used [0x00000000d5580000,0x00000000d6e80000,0x00000000d6e80000)
  from space 4096K, 99% used [0x00000000d7280000,0x00000000d767faa8,0x00000000d7680000)
  to   space 4096K, 0% used [0x00000000d6e80000,0x00000000d6e80000,0x00000000d7280000)
 ParOldGen       total 68608K, used 5671K [0x0000000080000000, 0x0000000084300000, 0x00000000d5580000)
  object space 68608K, 8% used [0x0000000080000000,0x0000000080589ee0,0x0000000084300000)
 Metaspace       used 19513K, committed 20160K, reserved 1114112K
  class space    used 1912K, committed 2176K, reserved 1048576K
}
Event: 4.151 GC heap after
{Heap after GC invocations=5 (full 0):
 PSYoungGen      total 29184K, used 4082K [0x00000000d5580000, 0x00000000d7b00000, 0x0000000100000000)
  eden space 25088K, 0% used [0x00000000d5580000,0x00000000d5580000,0x00000000d6e00000)
  from space 4096K, 99% used [0x00000000d6e80000,0x00000000d727c9a8,0x00000000d7280000)
  to   space 6656K, 0% used [0x00000000d7480000,0x00000000d7480000,0x00000000d7b00000)
 ParOldGen       total 68608K, used 7928K [0x0000000080000000, 0x0000000084300000, 0x00000000d5580000)
  object space 68608K, 11% used [0x0000000080000000,0x00000000807be088,0x0000000084300000)
 Metaspace       used 19513K, committed 20160K, reserved 1114112K
  class space    used 1912K, committed 2176K, reserved 1048576K
}
Event: 4.452 GC heap before
{Heap before GC invocations=6 (full 0):
 PSYoungGen      total 29184K, used 24797K [0x00000000d5580000, 0x00000000d7b00000, 0x0000000100000000)
  eden space 25088K, 82% used [0x00000000d5580000,0x00000000d69bad28,0x00000000d6e00000)
  from space 4096K, 99% used [0x00000000d6e80000,0x00000000d727c9a8,0x00000000d7280000)
  to   space 6656K, 0% used [0x00000000d7480000,0x00000000d7480000,0x00000000d7b00000)
 ParOldGen       total 68608K, used 7928K [0x0000000080000000, 0x0000000084300000, 0x00000000d5580000)
  object space 68608K, 11% used [0x0000000080000000,0x00000000807be088,0x0000000084300000)
 Metaspace       used 20857K, committed 21504K, reserved 1114112K
  class space    used 1991K, committed 2304K, reserved 1048576K
}
Event: 4.457 GC heap after
{Heap after GC invocations=6 (full 0):
 PSYoungGen      total 31744K, used 6189K [0x00000000d5580000, 0x00000000d7b00000, 0x0000000100000000)
  eden space 25088K, 0% used [0x00000000d5580000,0x00000000d5580000,0x00000000d6e00000)
  from space 6656K, 92% used [0x00000000d7480000,0x00000000d7a8b5c0,0x00000000d7b00000)
  to   space 6656K, 0% used [0x00000000d6e00000,0x00000000d6e00000,0x00000000d7480000)
 ParOldGen       total 68608K, used 7928K [0x0000000080000000, 0x0000000084300000, 0x00000000d5580000)
  object space 68608K, 11% used [0x0000000080000000,0x00000000807be088,0x0000000084300000)
 Metaspace       used 20857K, committed 21504K, reserved 1114112K
  class space    used 1991K, committed 2304K, reserved 1048576K
}
Event: 4.457 GC heap before
{Heap before GC invocations=7 (full 1):
 PSYoungGen      total 31744K, used 6189K [0x00000000d5580000, 0x00000000d7b00000, 0x0000000100000000)
  eden space 25088K, 0% used [0x00000000d5580000,0x00000000d5580000,0x00000000d6e00000)
  from space 6656K, 92% used [0x00000000d7480000,0x00000000d7a8b5c0,0x00000000d7b00000)
  to   space 6656K, 0% used [0x00000000d6e00000,0x00000000d6e00000,0x00000000d7480000)
 ParOldGen       total 68608K, used 7928K [0x0000000080000000, 0x0000000084300000, 0x00000000d5580000)
  object space 68608K, 11% used [0x0000000080000000,0x00000000807be088,0x0000000084300000)
 Metaspace       used 20857K, committed 21504K, reserved 1114112K
  class space    used 1991K, committed 2304K, reserved 1048576K
}
Event: 4.494 GC heap after
{Heap after GC invocations=7 (full 1):
 PSYoungGen      total 31744K, used 0K [0x00000000d5580000, 0x00000000d7b00000, 0x0000000100000000)
  eden space 25088K, 0% used [0x00000000d5580000,0x00000000d5580000,0x00000000d6e00000)
  from space 6656K, 0% used [0x00000000d7480000,0x00000000d7480000,0x00000000d7b00000)
  to   space 6656K, 0% used [0x00000000d6e00000,0x00000000d6e00000,0x00000000d7480000)
 ParOldGen       total 68608K, used 10338K [0x0000000080000000, 0x0000000084300000, 0x00000000d5580000)
  object space 68608K, 15% used [0x0000000080000000,0x0000000080a18b28,0x0000000084300000)
 Metaspace       used 20844K, committed 21504K, reserved 1114112K
  class space    used 1987K, committed 2304K, reserved 1048576K
}

Dll operation events (9 events):
Event: 0.019 Loaded shared library c:\Users\HP\.vscode\extensions\redhat.java-1.54.0-win32-x64\jre\21.0.10-win32-x86_64\bin\java.dll
Event: 0.136 Loaded shared library c:\Users\HP\.vscode\extensions\redhat.java-1.54.0-win32-x64\jre\21.0.10-win32-x86_64\bin\zip.dll
Event: 0.174 Loaded shared library C:\Users\HP\.vscode\extensions\redhat.java-1.54.0-win32-x64\jre\21.0.10-win32-x86_64\bin\instrument.dll
Event: 0.185 Loaded shared library C:\Users\HP\.vscode\extensions\redhat.java-1.54.0-win32-x64\jre\21.0.10-win32-x86_64\bin\net.dll
Event: 0.189 Loaded shared library C:\Users\HP\.vscode\extensions\redhat.java-1.54.0-win32-x64\jre\21.0.10-win32-x86_64\bin\nio.dll
Event: 0.197 Loaded shared library C:\Users\HP\.vscode\extensions\redhat.java-1.54.0-win32-x64\jre\21.0.10-win32-x86_64\bin\zip.dll
Event: 0.231 Loaded shared library C:\Users\HP\.vscode\extensions\redhat.java-1.54.0-win32-x64\jre\21.0.10-win32-x86_64\bin\jimage.dll
Event: 0.386 Loaded shared library c:\Users\HP\.vscode\extensions\redhat.java-1.54.0-win32-x64\jre\21.0.10-win32-x86_64\bin\verify.dll
Event: 2.206 Loaded shared library C:\Users\HP\AppData\Roaming\Code\User\globalStorage\redhat.java\1.54.0\config_ss_win\org.eclipse.equinox.launcher\org.eclipse.equinox.launcher.win32.win32.x86_64_1.3.0.v20260203-2149\eclipse_11919.dll

Deoptimization events (20 events):
Event: 3.661 Thread 0x000002b1e91797e0 Uncommon trap: trap_request=0xffffff45 fr.pc=0x000002b1dbd3da10 relative=0x0000000000000890
Event: 3.661 Thread 0x000002b1e91797e0 Uncommon trap: reason=unstable_if action=reinterpret pc=0x000002b1dbd3da10 method=org.lombokweb.asm.ClassReader.readUTF8(I[C)Ljava/lang/String; @ 11 c2
Event: 3.661 Thread 0x000002b1e91797e0 DEOPT PACKING pc=0x000002b1dbd3da10 sp=0x000000f311eef490
Event: 3.661 Thread 0x000002b1e91797e0 DEOPT UNPACKING pc=0x000002b1db523aa2 sp=0x000000f311eef498 mode 2
Event: 4.023 Thread 0x000002b1e91797e0 Uncommon trap: trap_request=0xffffff6e fr.pc=0x000002b1dbd43db4 relative=0x0000000000000954
Event: 4.023 Thread 0x000002b1e91797e0 Uncommon trap: reason=loop_limit_check action=maybe_recompile pc=0x000002b1dbd43db4 method=java.util.regex.Pattern$StartS.match(Ljava/util/regex/Matcher;ILjava/lang/CharSequence;)Z @ 34 c2
Event: 4.023 Thread 0x000002b1e91797e0 DEOPT PACKING pc=0x000002b1dbd43db4 sp=0x000000f311ef2650
Event: 4.023 Thread 0x000002b1e91797e0 DEOPT UNPACKING pc=0x000002b1db523aa2 sp=0x000000f311ef25b0 mode 2
Event: 4.083 Thread 0x000002b1e91797e0 Uncommon trap: trap_request=0xffffff45 fr.pc=0x000002b1dbd48c6c relative=0x000000000000014c
Event: 4.083 Thread 0x000002b1e91797e0 Uncommon trap: reason=unstable_if action=reinterpret pc=0x000002b1dbd48c6c method=org.lombokweb.asm.ByteVector.putByteArray([BII)Lorg/lombokweb/asm/ByteVector; @ 20 c2
Event: 4.083 Thread 0x000002b1e91797e0 DEOPT PACKING pc=0x000002b1dbd48c6c sp=0x000000f311eee960
Event: 4.083 Thread 0x000002b1e91797e0 DEOPT UNPACKING pc=0x000002b1db523aa2 sp=0x000000f311eee930 mode 2
Event: 4.083 Thread 0x000002b1e91797e0 Uncommon trap: trap_request=0xffffff45 fr.pc=0x000002b1dbd480a4 relative=0x0000000000000364
Event: 4.083 Thread 0x000002b1e91797e0 Uncommon trap: reason=unstable_if action=reinterpret pc=0x000002b1dbd480a4 method=org.lombokweb.asm.Label.resolve([BLorg/lombokweb/asm/ByteVector;I)Z @ 81 c2
Event: 4.083 Thread 0x000002b1e91797e0 DEOPT PACKING pc=0x000002b1dbd480a4 sp=0x000000f311eee9f0
Event: 4.083 Thread 0x000002b1e91797e0 DEOPT UNPACKING pc=0x000002b1db523aa2 sp=0x000000f311eee8f8 mode 2
Event: 4.084 Thread 0x000002b1e91797e0 Uncommon trap: trap_request=0xffffff45 fr.pc=0x000002b1dbd478cc relative=0x000000000000022c
Event: 4.084 Thread 0x000002b1e91797e0 Uncommon trap: reason=unstable_if action=reinterpret pc=0x000002b1dbd478cc method=org.lombokweb.asm.Label.resolve([BLorg/lombokweb/asm/ByteVector;I)Z @ 81 c2
Event: 4.084 Thread 0x000002b1e91797e0 DEOPT PACKING pc=0x000002b1dbd478cc sp=0x000000f311eee960
Event: 4.084 Thread 0x000002b1e91797e0 DEOPT UNPACKING pc=0x000002b1db523aa2 sp=0x000000f311eee8f0 mode 2

Classes loaded (20 events):
Event: 3.563 Loading class java/util/zip/GZIPInputStream
Event: 3.563 Loading class java/util/zip/GZIPInputStream done
Event: 3.589 Loading class java/io/StringReader
Event: 3.589 Loading class java/io/StringReader done
Event: 3.600 Loading class java/net/SocketTimeoutException
Event: 3.600 Loading class java/io/InterruptedIOException
Event: 3.601 Loading class java/io/InterruptedIOException done
Event: 3.601 Loading class java/net/SocketTimeoutException done
Event: 3.601 Loading class java/net/SocketException
Event: 3.601 Loading class java/net/SocketException done
Event: 3.601 Loading class java/net/UnknownHostException
Event: 3.601 Loading class java/net/UnknownHostException done
Event: 3.601 Loading class java/net/ProtocolException
Event: 3.601 Loading class java/net/ProtocolException done
Event: 3.627 Loading class java/lang/ThreadLocal$SuppliedThreadLocal
Event: 3.627 Loading class java/lang/ThreadLocal$SuppliedThreadLocal done
Event: 3.642 Loading class java/lang/NegativeArraySizeException
Event: 3.642 Loading class java/lang/NegativeArraySizeException done
Event: 3.645 Loading class java/io/FileWriter
Event: 3.645 Loading class java/io/FileWriter done

Classes unloaded (7 events):
Event: 4.463 Thread 0x000002b1e8ee36d0 Unloading class 0x000002b181190c00 'java/lang/invoke/LambdaForm$MH+0x000002b181190c00'
Event: 4.463 Thread 0x000002b1e8ee36d0 Unloading class 0x000002b181190800 'java/lang/invoke/LambdaForm$MH+0x000002b181190800'
Event: 4.463 Thread 0x000002b1e8ee36d0 Unloading class 0x000002b181190400 'java/lang/invoke/LambdaForm$MH+0x000002b181190400'
Event: 4.463 Thread 0x000002b1e8ee36d0 Unloading class 0x000002b181190000 'java/lang/invoke/LambdaForm$MH+0x000002b181190000'
Event: 4.463 Thread 0x000002b1e8ee36d0 Unloading class 0x000002b18118fc00 'java/lang/invoke/LambdaForm$BMH+0x000002b18118fc00'
Event: 4.463 Thread 0x000002b1e8ee36d0 Unloading class 0x000002b18118f800 'java/lang/invoke/LambdaForm$DMH+0x000002b18118f800'
Event: 4.463 Thread 0x000002b1e8ee36d0 Unloading class 0x000002b18118e400 'java/lang/invoke/LambdaForm$DMH+0x000002b18118e400'

Classes redefined (0 events):
No events

Internal exceptions (20 events):
Event: 3.393 Thread 0x000002b1e91797e0 Exception <a 'java/lang/NoSuchMethodError'{0x00000000d620af50}: 'java.lang.Object java.lang.invoke.Invokers$Holder.linkToTargetMethod(java.lang.Object, java.lang.Object, long, java.lang.Object)'> (0x00000000d620af50) 
thrown [s\src\hotspot\share\interpreter\linkResolver.cpp, line 773]
Event: 3.413 Thread 0x000002b1e91797e0 Exception <a 'java/lang/NoSuchMethodError'{0x00000000d62796a8}: 'int java.lang.invoke.DirectMethodHandle$Holder.invokeStaticInit(java.lang.Object, java.lang.Object, java.lang.Object)'> (0x00000000d62796a8) 
thrown [s\src\hotspot\share\interpreter\linkResolver.cpp, line 773]
Event: 3.440 Thread 0x000002b1e91797e0 Exception <a 'java/lang/IncompatibleClassChangeError'{0x00000000d631cd30}: Found class java.lang.Object, but interface was expected> (0x00000000d631cd30) 
thrown [s\src\hotspot\share\interpreter\linkResolver.cpp, line 840]
Event: 3.442 Thread 0x000002b1e91797e0 Exception <a 'java/lang/NoSuchMethodError'{0x00000000d63209a0}: 'java.lang.Object java.lang.invoke.DirectMethodHandle$Holder.invokeSpecial(java.lang.Object, java.lang.Object, java.lang.Object, int, java.lang.Object, java.lang.Object)'> (0x00000000d63209a0) 
thrown [s\src\hotspot\share\interpreter\linkResolver.cpp, line 773]
Event: 3.443 Thread 0x000002b1e91797e0 Exception <a 'java/lang/NoSuchMethodError'{0x00000000d63284f0}: 'java.lang.Object java.lang.invoke.DirectMethodHandle$Holder.newInvokeSpecial(java.lang.Object, java.lang.Object, java.lang.Object, int, java.lang.Object)'> (0x00000000d63284f0) 
thrown [s\src\hotspot\share\interpreter\linkResolver.cpp, line 773]
Event: 3.444 Thread 0x000002b1e91797e0 Exception <a 'java/lang/NoSuchMethodError'{0x00000000d632c470}: 'java.lang.Object java.lang.invoke.DirectMethodHandle$Holder.invokeSpecial(java.lang.Object, java.lang.Object, java.lang.Object, java.lang.Object, int, java.lang.Object)'> (0x00000000d632c470) 
thrown [s\src\hotspot\share\interpreter\linkResolver.cpp, line 773]
Event: 3.445 Thread 0x000002b1e91797e0 Exception <a 'java/lang/NoSuchMethodError'{0x00000000d632ffb0}: 'java.lang.Object java.lang.invoke.Invokers$Holder.linkToTargetMethod(java.lang.Object, java.lang.Object, int, java.lang.Object, java.lang.Object)'> (0x00000000d632ffb0) 
thrown [s\src\hotspot\share\interpreter\linkResolver.cpp, line 773]
Event: 3.446 Thread 0x000002b1e917a500 Exception <a 'java/lang/NoSuchMethodError'{0x00000000d625a7e8}: 'java.lang.Object java.lang.invoke.DirectMethodHandle$Holder.invokeSpecial(java.lang.Object, java.lang.Object, int, java.lang.Object, java.lang.Object)'> (0x00000000d625a7e8) 
thrown [s\src\hotspot\share\interpreter\linkResolver.cpp, line 773]
Event: 3.448 Thread 0x000002b1e917a500 Exception <a 'java/lang/NoSuchMethodError'{0x00000000d6261520}: 'java.lang.Object java.lang.invoke.DirectMethodHandle$Holder.newInvokeSpecial(java.lang.Object, java.lang.Object, int, java.lang.Object)'> (0x00000000d6261520) 
thrown [s\src\hotspot\share\interpreter\linkResolver.cpp, line 773]
Event: 3.449 Thread 0x000002b1e917a500 Exception <a 'java/lang/NoSuchMethodError'{0x00000000d6264e00}: 'java.lang.Object java.lang.invoke.DirectMethodHandle$Holder.invokeSpecial(java.lang.Object, java.lang.Object, java.lang.Object, int, java.lang.Object)'> (0x00000000d6264e00) 
thrown [s\src\hotspot\share\interpreter\linkResolver.cpp, line 773]
Event: 3.480 Thread 0x000002b1e91797e0 Exception <a 'java/lang/NoSuchMethodError'{0x00000000d64700e8}: 'void java.lang.invoke.DirectMethodHandle$Holder.invokeSpecial(java.lang.Object, java.lang.Object, java.lang.Object, java.lang.Object, java.lang.Object)'> (0x00000000d64700e8) 
thrown [s\src\hotspot\share\interpreter\linkResolver.cpp, line 773]
Event: 3.488 Thread 0x000002b1e917a500 Exception <a 'java/lang/NoSuchMethodError'{0x00000000d64bbf48}: 'java.lang.Object java.lang.invoke.DirectMethodHandle$Holder.newInvokeSpecial(java.lang.Object, java.lang.Object, java.lang.Object, java.lang.Object, java.lang.Object)'> (0x00000000d64bbf48) 
thrown [s\src\hotspot\share\interpreter\linkResolver.cpp, line 773]
Event: 3.538 Thread 0x000002b1e91797e0 Exception <a 'java/lang/NoSuchMethodError'{0x00000000d669a550}: 'double java.lang.invoke.DirectMethodHandle$Holder.invokeStatic(java.lang.Object, java.lang.Object)'> (0x00000000d669a550) 
thrown [s\src\hotspot\share\interpreter\linkResolver.cpp, line 773]
Event: 3.539 Thread 0x000002b1e91797e0 Exception <a 'java/lang/NoSuchMethodError'{0x00000000d669dc10}: 'double java.lang.invoke.DirectMethodHandle$Holder.invokeStaticInit(java.lang.Object, java.lang.Object)'> (0x00000000d669dc10) 
thrown [s\src\hotspot\share\interpreter\linkResolver.cpp, line 773]
Event: 3.756 Thread 0x000002b1e91797e0 Exception <a 'java/io/FileNotFoundException'{0x00000000d5d92100}> (0x00000000d5d92100) 
thrown [s\src\hotspot\share\prims\jni.cpp, line 520]
Event: 3.756 Thread 0x000002b1e91797e0 Exception <a 'java/io/FileNotFoundException'{0x00000000d5d92f18}> (0x00000000d5d92f18) 
thrown [s\src\hotspot\share\prims\jni.cpp, line 520]
Event: 3.756 Thread 0x000002b1e91797e0 Exception <a 'java/io/FileNotFoundException'{0x00000000d5d93e38}> (0x00000000d5d93e38) 
thrown [s\src\hotspot\share\prims\jni.cpp, line 520]
Event: 4.083 Thread 0x000002b1e91797e0 Implicit null exception at 0x000002b1dbd48b75 to 0x000002b1dbd48c50
Event: 4.319 Thread 0x000002b1e91797e0 Exception <a 'java/io/FileNotFoundException'{0x00000000d6533270}> (0x00000000d6533270) 
thrown [s\src\hotspot\share\prims\jni.cpp, line 520]
Event: 4.320 Thread 0x000002b1e91797e0 Exception <a 'java/io/FileNotFoundException'{0x00000000d6534268}> (0x00000000d6534268) 
thrown [s\src\hotspot\share\prims\jni.cpp, line 520]

ZGC Phase Switch (0 events):
No events

VM Operations (20 events):
Event: 2.424 Executing non-safepoint VM operation: HandshakeAllThreads (Deoptimize)
Event: 2.424 Executing non-safepoint VM operation: HandshakeAllThreads (Deoptimize) done
Event: 2.808 Executing non-safepoint VM operation: HandshakeAllThreads (Deoptimize)
Event: 2.808 Executing non-safepoint VM operation: HandshakeAllThreads (Deoptimize) done
Event: 2.952 Executing safepoint VM operation: ParallelGCFailedAllocation (Allocation Failure)
Event: 2.959 Executing safepoint VM operation: ParallelGCFailedAllocation (Allocation Failure) done
Event: 3.133 Executing non-safepoint VM operation: HandshakeAllThreads (Deoptimize)
Event: 3.133 Executing non-safepoint VM operation: HandshakeAllThreads (Deoptimize) done
Event: 3.138 Executing non-safepoint VM operation: HandshakeAllThreads (Deoptimize)
Event: 3.138 Executing non-safepoint VM operation: HandshakeAllThreads (Deoptimize) done
Event: 3.157 Executing non-safepoint VM operation: HandshakeAllThreads (Deoptimize)
Event: 3.158 Executing non-safepoint VM operation: HandshakeAllThreads (Deoptimize) done
Event: 3.683 Executing safepoint VM operation: ParallelGCFailedAllocation (Allocation Failure)
Event: 3.689 Executing safepoint VM operation: ParallelGCFailedAllocation (Allocation Failure) done
Event: 3.704 Executing non-safepoint VM operation: HandshakeAllThreads (Deoptimize)
Event: 3.704 Executing non-safepoint VM operation: HandshakeAllThreads (Deoptimize) done
Event: 4.146 Executing safepoint VM operation: ParallelGCFailedAllocation (Allocation Failure)
Event: 4.152 Executing safepoint VM operation: ParallelGCFailedAllocation (Allocation Failure) done
Event: 4.452 Executing safepoint VM operation: CollectForMetadataAllocation (Metadata GC Threshold)
Event: 4.494 Executing safepoint VM operation: CollectForMetadataAllocation (Metadata GC Threshold) done

Memory protections (0 events):
No events

Nmethod flushes (0 events):
No events

Events (20 events):
Event: 0.075 Thread 0x000002b1d0e7d330 Thread added: 0x000002b1e8ef26b0
Event: 0.076 Thread 0x000002b1d0e7d330 Thread added: 0x000002b1e8ef6f50
Event: 0.076 Thread 0x000002b1d0e7d330 Thread added: 0x000002b1e8efa0c0
Event: 0.132 Thread 0x000002b1e8efa0c0 Thread added: 0x000002b1e8ff61a0
Event: 0.133 Thread 0x000002b1e8efa0c0 Thread added: 0x000002b1e8ffb010
Event: 0.149 Thread 0x000002b1e8efa0c0 Thread added: 0x000002b1e903eff0
Event: 0.178 Thread 0x000002b1d0e7d330 Thread added: 0x000002b1e917cc60
Event: 0.244 Thread 0x000002b1e8ffb010 Thread added: 0x000002b1e91b6ba0
Event: 0.573 Thread 0x000002b1d0e7d330 Thread added: 0x000002b1e917ab90
Event: 0.701 Thread 0x000002b1e8ff61a0 Thread added: 0x000002b1e9277ab0
Event: 1.847 Thread 0x000002b1d0e7d330 Thread added: 0x000002b1e917b220
Event: 2.190 Thread 0x000002b1d0e7d330 Thread added: 0x000002b1e917c5d0
Event: 2.199 Thread 0x000002b1d0e7d330 Thread added: 0x000002b1e91797e0
Event: 2.338 Thread 0x000002b1e9277ab0 Thread exited: 0x000002b1e9277ab0
Event: 2.390 Thread 0x000002b1e91797e0 Thread added: 0x000002b1e917b8b0
Event: 2.414 Thread 0x000002b1e903eff0 Thread exited: 0x000002b1e903eff0
Event: 2.559 Thread 0x000002b1e8efa0c0 Thread added: 0x000002b1ef2eec10
Event: 2.869 Thread 0x000002b1e91797e0 Thread added: 0x000002b1e9179e70
Event: 3.403 Thread 0x000002b1e91797e0 Thread added: 0x000002b1e917a500
Event: 3.446 Thread 0x000002b1e91797e0 Thread added: 0x000002b1ef5fc1a0


Dynamic libraries:
0x00007ff6c6b00000 - 0x00007ff6c6b0e000 	c:\Users\HP\.vscode\extensions\redhat.java-1.54.0-win32-x64\jre\21.0.10-win32-x86_64\bin\java.exe
0x00007ff8d8610000 - 0x00007ff8d8827000 	C:\WINDOWS\SYSTEM32\ntdll.dll
0x00007ff8d6dd0000 - 0x00007ff8d6e94000 	C:\WINDOWS\System32\KERNEL32.DLL
0x00007ff8d5d80000 - 0x00007ff8d6152000 	C:\WINDOWS\System32\KERNELBASE.dll
0x00007ff8d5980000 - 0x00007ff8d5a91000 	C:\WINDOWS\System32\ucrtbase.dll
0x00007ff898430000 - 0x00007ff89844e000 	c:\Users\HP\.vscode\extensions\redhat.java-1.54.0-win32-x64\jre\21.0.10-win32-x86_64\bin\VCRUNTIME140.dll
0x00007ff8a5650000 - 0x00007ff8a5668000 	c:\Users\HP\.vscode\extensions\redhat.java-1.54.0-win32-x64\jre\21.0.10-win32-x86_64\bin\jli.dll
0x00007ff8d7de0000 - 0x00007ff8d7f91000 	C:\WINDOWS\System32\USER32.dll
0x00007ff8d5700000 - 0x00007ff8d5726000 	C:\WINDOWS\System32\win32u.dll
0x00007ff8bb080000 - 0x00007ff8bb31b000 	C:\WINDOWS\WinSxS\amd64_microsoft.windows.common-controls_6595b64144ccf1df_6.0.22621.5547_none_27104afb73855772\COMCTL32.dll
0x00007ff8d8520000 - 0x00007ff8d85c7000 	C:\WINDOWS\System32\msvcrt.dll
0x00007ff8d6bc0000 - 0x00007ff8d6be9000 	C:\WINDOWS\System32\GDI32.dll
0x00007ff8d5730000 - 0x00007ff8d5853000 	C:\WINDOWS\System32\gdi32full.dll
0x00007ff8d5860000 - 0x00007ff8d58fa000 	C:\WINDOWS\System32\msvcp_win.dll
0x00007ff8d7d50000 - 0x00007ff8d7d81000 	C:\WINDOWS\System32\IMM32.DLL
0x00007ff8c0f90000 - 0x00007ff8c0f9c000 	c:\Users\HP\.vscode\extensions\redhat.java-1.54.0-win32-x64\jre\21.0.10-win32-x86_64\bin\vcruntime140_1.dll
0x00007ff886010000 - 0x00007ff88609d000 	c:\Users\HP\.vscode\extensions\redhat.java-1.54.0-win32-x64\jre\21.0.10-win32-x86_64\bin\msvcp140.dll
0x00007ff83e370000 - 0x00007ff83f111000 	c:\Users\HP\.vscode\extensions\redhat.java-1.54.0-win32-x64\jre\21.0.10-win32-x86_64\bin\server\jvm.dll
0x00007ff8d8450000 - 0x00007ff8d8501000 	C:\WINDOWS\System32\ADVAPI32.dll
0x00007ff8d68e0000 - 0x00007ff8d6988000 	C:\WINDOWS\System32\sechost.dll
0x00007ff8d5d50000 - 0x00007ff8d5d78000 	C:\WINDOWS\System32\bcrypt.dll
0x00007ff8d6990000 - 0x00007ff8d6aa4000 	C:\WINDOWS\System32\RPCRT4.dll
0x00007ff8d6bf0000 - 0x00007ff8d6c61000 	C:\WINDOWS\System32\WS2_32.dll
0x00007ff8d5370000 - 0x00007ff8d53bd000 	C:\WINDOWS\SYSTEM32\POWRPROF.dll
0x00007ff8d0dc0000 - 0x00007ff8d0df4000 	C:\WINDOWS\SYSTEM32\WINMM.dll
0x00007ff8cd220000 - 0x00007ff8cd22a000 	C:\WINDOWS\SYSTEM32\VERSION.dll
0x00007ff8d5350000 - 0x00007ff8d5363000 	C:\WINDOWS\SYSTEM32\UMPDC.dll
0x00007ff8d46d0000 - 0x00007ff8d46e8000 	C:\WINDOWS\SYSTEM32\kernel.appcore.dll
0x00007ff8c0be0000 - 0x00007ff8c0bea000 	c:\Users\HP\.vscode\extensions\redhat.java-1.54.0-win32-x64\jre\21.0.10-win32-x86_64\bin\jimage.dll
0x00007ff8cd720000 - 0x00007ff8cd953000 	C:\WINDOWS\SYSTEM32\DBGHELP.DLL
0x00007ff8d80b0000 - 0x00007ff8d8443000 	C:\WINDOWS\System32\combase.dll
0x00007ff8d6ad0000 - 0x00007ff8d6ba7000 	C:\WINDOWS\System32\OLEAUT32.dll
0x00007ff8b74f0000 - 0x00007ff8b7522000 	C:\WINDOWS\SYSTEM32\dbgcore.DLL
0x00007ff8d5900000 - 0x00007ff8d597b000 	C:\WINDOWS\System32\bcryptPrimitives.dll
0x00007ff8bc350000 - 0x00007ff8bc35f000 	c:\Users\HP\.vscode\extensions\redhat.java-1.54.0-win32-x64\jre\21.0.10-win32-x86_64\bin\instrument.dll
0x00007ff898080000 - 0x00007ff8980a0000 	c:\Users\HP\.vscode\extensions\redhat.java-1.54.0-win32-x64\jre\21.0.10-win32-x86_64\bin\java.dll
0x00007ff8d7240000 - 0x00007ff8d7ae2000 	C:\WINDOWS\System32\SHELL32.dll
0x00007ff8d5c10000 - 0x00007ff8d5d4f000 	C:\WINDOWS\System32\wintypes.dll
0x00007ff8d35e0000 - 0x00007ff8d3efd000 	C:\WINDOWS\SYSTEM32\windows.storage.dll
0x00007ff8d62a0000 - 0x00007ff8d63ac000 	C:\WINDOWS\System32\SHCORE.dll
0x00007ff8d71d0000 - 0x00007ff8d7239000 	C:\WINDOWS\System32\shlwapi.dll
0x00007ff8d5630000 - 0x00007ff8d565b000 	C:\WINDOWS\SYSTEM32\profapi.dll
0x00007ff896770000 - 0x00007ff896788000 	c:\Users\HP\.vscode\extensions\redhat.java-1.54.0-win32-x64\jre\21.0.10-win32-x86_64\bin\zip.dll
0x00007ff8ba020000 - 0x00007ff8ba030000 	C:\Users\HP\.vscode\extensions\redhat.java-1.54.0-win32-x64\jre\21.0.10-win32-x86_64\bin\net.dll
0x00007ff8d1940000 - 0x00007ff8d1a6c000 	C:\WINDOWS\SYSTEM32\WINHTTP.dll
0x00007ff8d4bb0000 - 0x00007ff8d4c19000 	C:\WINDOWS\system32\mswsock.dll
0x00007ff8966f0000 - 0x00007ff896706000 	C:\Users\HP\.vscode\extensions\redhat.java-1.54.0-win32-x64\jre\21.0.10-win32-x86_64\bin\nio.dll
0x00007ff8d05e0000 - 0x00007ff8d05f0000 	c:\Users\HP\.vscode\extensions\redhat.java-1.54.0-win32-x64\jre\21.0.10-win32-x86_64\bin\verify.dll
0x00007ff892de0000 - 0x00007ff892e25000 	C:\Users\HP\AppData\Roaming\Code\User\globalStorage\redhat.java\1.54.0\config_ss_win\org.eclipse.equinox.launcher\org.eclipse.equinox.launcher.win32.win32.x86_64_1.3.0.v20260203-2149\eclipse_11919.dll
0x00007ff8d7af0000 - 0x00007ff8d7c90000 	C:\WINDOWS\System32\ole32.dll

JVMTI agents:
c:\Users\HP\.vscode\extensions\redhat.java-1.54.0-win32-x64\lombok\lombok-1.18.39-4050.jar path:c:\Users\HP\.vscode\extensions\redhat.java-1.54.0-win32-x64\jre\21.0.10-win32-x86_64\bin\instrument.dll, loaded, initialized, instrumentlib options:none

dbghelp: loaded successfully - version: 4.0.5 - missing functions: none
symbol engine: initialized successfully - sym options: 0x614 - pdb path: .;c:\Users\HP\.vscode\extensions\redhat.java-1.54.0-win32-x64\jre\21.0.10-win32-x86_64\bin;C:\WINDOWS\SYSTEM32;C:\WINDOWS\WinSxS\amd64_microsoft.windows.common-controls_6595b64144ccf1df_6.0.22621.5547_none_27104afb73855772;c:\Users\HP\.vscode\extensions\redhat.java-1.54.0-win32-x64\jre\21.0.10-win32-x86_64\bin\server;C:\Users\HP\AppData\Roaming\Code\User\globalStorage\redhat.java\1.54.0\config_ss_win\org.eclipse.equinox.launcher\org.eclipse.equinox.launcher.win32.win32.x86_64_1.3.0.v20260203-2149

VM Arguments:
jvm_args: --add-modules=ALL-SYSTEM --add-opens=java.base/java.util=ALL-UNNAMED --add-opens=java.base/java.lang=ALL-UNNAMED --add-opens=java.base/sun.nio.fs=ALL-UNNAMED -Declipse.application=org.eclipse.jdt.ls.core.id1 -Dosgi.bundles.defaultStartLevel=4 -Declipse.product=org.eclipse.jdt.ls.core.product -Djava.import.generatesMetadataFilesAtProjectRoot=false -DDetectVMInstallationsJob.disabled=true -Dfile.encoding=utf8 -XX:+UseParallelGC -XX:GCTimeRatio=4 -XX:AdaptiveSizePolicyWeight=90 -Dsun.zip.disableMemoryMapping=true -Xmx2G -Xms100m -Xlog:disable -javaagent:c:\Users\HP\.vscode\extensions\redhat.java-1.54.0-win32-x64\lombok\lombok-1.18.39-4050.jar 
java_command: c:\Users\HP\.vscode\extensions\redhat.java-1.54.0-win32-x64\server\plugins\org.eclipse.equinox.launcher_1.7.100.v20251111-0406.jar -configuration c:\Users\HP\AppData\Roaming\Code\User\globalStorage\redhat.java\1.54.0\config_ss_win -data c:\Users\HP\AppData\Roaming\Code\User\workspaceStorage\0f96ec3aa47e8d701519645bb2bb7edb\redhat.java\ss_ws --pipe=\\.\pipe\lsp-e4d6059a80920d97dbbe3f858c5d18f1-sock
java_class_path (initial): c:\Users\HP\.vscode\extensions\redhat.java-1.54.0-win32-x64\server\plugins\org.eclipse.equinox.launcher_1.7.100.v20251111-0406.jar
Launcher Type: SUN_STANDARD

[Global flags]
    uintx AdaptiveSizePolicyWeight                 = 90                                        {product} {command line}
     intx CICompilerCount                          = 12                                        {product} {ergonomic}
    uintx GCTimeRatio                              = 4                                         {product} {command line}
   size_t InitialHeapSize                          = 104857600                                 {product} {command line}
   size_t MaxHeapSize                              = 2147483648                                {product} {command line}
   size_t MaxNewSize                               = 715653120                                 {product} {ergonomic}
   size_t MinHeapDeltaBytes                        = 524288                                    {product} {ergonomic}
   size_t MinHeapSize                              = 104857600                                 {product} {command line}
   size_t NewSize                                  = 34603008                                  {product} {ergonomic}
    uintx NonNMethodCodeHeapSize                   = 7602480                                {pd product} {ergonomic}
    uintx NonProfiledCodeHeapSize                  = 122027880                              {pd product} {ergonomic}
   size_t OldSize                                  = 70254592                                  {product} {ergonomic}
    uintx ProfiledCodeHeapSize                     = 122027880                              {pd product} {ergonomic}
    uintx ReservedCodeCacheSize                    = 251658240                              {pd product} {ergonomic}
     bool SegmentedCodeCache                       = true                                      {product} {ergonomic}
   size_t SoftMaxHeapSize                          = 2147483648                             {manageable} {ergonomic}
     bool UseCompressedOops                        = true                           {product lp64_product} {ergonomic}
     bool UseLargePagesIndividualAllocation        = false                                  {pd product} {ergonomic}
     bool UseParallelGC                            = true                                      {product} {command line}

Logging:
Log output configuration:
 #0: stdout all=off uptime,level,tags foldmultilines=false
 #1: stderr all=off uptime,level,tags foldmultilines=false

Release file:
JAVA_VERSION="21.0.10" 
MODULES="java.base java.compiler java.datatransfer java.xml java.prefs java.desktop java.instrument java.logging java.management java.security.sasl java.naming java.rmi java.management.rmi java.net.http java.scripting java.security.jgss java.transaction.xa java.sql java.sql.rowset java.xml.crypto java.se java.smartcardio jdk.accessibility jdk.internal.jvmstat jdk.attach jdk.charsets jdk.internal.opt jdk.zipfs jdk.compiler jdk.crypto.ec jdk.crypto.cryptoki jdk.crypto.mscapi jdk.dynalink jdk.internal.ed jdk.editpad jdk.hotspot.agent jdk.httpserver jdk.internal.le jdk.internal.vm.ci jdk.internal.vm.compiler jdk.internal.vm.compiler.management jdk.jartool jdk.javadoc jdk.jcmd jdk.management jdk.management.agent jdk.jconsole jdk.jdeps jdk.jdwp.agent jdk.jdi jdk.jfr jdk.jshell jdk.jsobject jdk.jstatd jdk.localedata jdk.management.jfr jdk.naming.dns jdk.naming.rmi jdk.net jdk.nio.mapmode jdk.random jdk.sctp jdk.security.auth jdk.security.jgss jdk.unsupported jdk.unsupported.desktop jdk.xml.dom" 

Environment Variables:
PATH=C:\Program Files\Common Files\Oracle\Java\javapath;D:\oracle\dbhomeXE\bin;C:\WINDOWS\system32;C:\WINDOWS;C:\WINDOWS\System32\Wbem;C:\WINDOWS\System32\WindowsPowerShell\v1.0\;C:\WINDOWS\System32\OpenSSH\;C:\Program Files\dotnet\;C:\MinGW\bin;C:\Program Files\Git\cmd;C:\Program Files\PuTTY\;C:\Users\HP\AppData\Local\Programs\Python\Python313\Scripts\;C:\Users\HP\AppData\Local\Programs\Python\Python313\;C:\Users\HP\AppData\Local\Programs\Python\Launcher\;C:\Users\HP\AppData\Local\Microsoft\WindowsApps;;C:\Users\HP\AppData\Local\Programs\Microsoft VS Code\bin;D:\Python\PyCharm 2025.2.1.1\bin
USERNAME=HP
OS=Windows_NT
PROCESSOR_IDENTIFIER=AMD64 Family 23 Model 104 Stepping 1, AuthenticAMD
TMP=C:\Users\HP\AppData\Local\Temp
TEMP=C:\Users\HP\AppData\Local\Temp




Periodic native trim disabled

---------------  S Y S T E M  ---------------

OS:
 Windows 11 , 64 bit Build 22621 (10.0.22621.5415)
OS uptime: 7 days 3:17 hours
Hyper-V role detected

CPU: total 16 (initial active 16) (16 cores per cpu, 2 threads per core) family 23 model 104 stepping 1 microcode 0x0, cx8, cmov, fxsr, ht, mmx, 3dnowpref, sse, sse2, sse3, ssse3, sse4a, sse4.1, sse4.2, popcnt, lzcnt, tsc, tscinvbit, avx, avx2, aes, clmul, bmi1, bmi2, adx, sha, fma, vzeroupper, clflush, clflushopt, hv, rdtscp, rdpid, f16c
Processor Information for the first 16 processors :
  Max Mhz: 1801, Current Mhz: 1801, Mhz Limit: 1801

Memory: 4k page, system-wide physical 7501M (382M free)
TotalPageFile size 23511M (AvailPageFile size 2M)
current process WorkingSet (physical memory assigned to process): 143M, peak: 143M
current process commit charge ("private bytes"): 295M, peak: 298M

vm_info: OpenJDK 64-Bit Server VM (21.0.10+7-LTS) for windows-amd64 JRE (21.0.10+7-LTS), built on 2026-01-20T00:00:00Z by "admin" with MS VC++ 17.12 (VS2022)

END.
