#
# There is insufficient memory for the Java Runtime Environment to continue.
# Native memory allocation (malloc) failed to allocate 645776 bytes. Error detail: Chunk::new
# Possible reasons:
#   The system is out of physical RAM or swap space
#   This process is running with CompressedOops enabled, and the Java Heap may be blocking the growth of the native heap
# Possible solutions:
#   Reduce memory load on the system
#   Increase physical memory or swap space
#   Check if swap backing store is full
#   Decrease Java heap size (-Xmx/-Xms)
#   Decrease number of Java threads
#   Decrease Java thread stack sizes (-Xss)
#   Set larger code cache with -XX:ReservedCodeCacheSize=
#   JVM is running with Unscaled Compressed Oops mode in which the Java heap is
#     placed in the first 4GB address space. The Java Heap base address is the
#     maximum limit for the native heap growth. Please use -XX:HeapBaseMinAddress
#     to set the Java Heap base and to place the Java Heap above 4GB virtual address.
# This output file may be truncated or incomplete.
#
#  Out of Memory Error (arena.cpp:168), pid=31192, tid=21972
#
# JRE version: OpenJDK Runtime Environment Temurin-21.0.10+7 (21.0.10+7) (build 21.0.10+7-LTS)
# Java VM: OpenJDK 64-Bit Server VM Temurin-21.0.10+7 (21.0.10+7-LTS, mixed mode, sharing, tiered, compressed oops, compressed class ptrs, parallel gc, windows-amd64)
# No core dump will be written. Minidumps are not enabled by default on client versions of Windows
#

---------------  S U M M A R Y ------------

Command Line: --add-modules=ALL-SYSTEM --add-opens=java.base/java.util=ALL-UNNAMED --add-opens=java.base/java.lang=ALL-UNNAMED --add-opens=java.base/sun.nio.fs=ALL-UNNAMED -Declipse.application=org.eclipse.jdt.ls.core.id1 -Dosgi.bundles.defaultStartLevel=4 -Declipse.product=org.eclipse.jdt.ls.core.product -Djava.import.generatesMetadataFilesAtProjectRoot=false -DDetectVMInstallationsJob.disabled=true -Dfile.encoding=utf8 -XX:+UseParallelGC -XX:GCTimeRatio=4 -XX:AdaptiveSizePolicyWeight=90 -Dsun.zip.disableMemoryMapping=true -Xmx2G -Xms100m -Xlog:disable -javaagent:c:\Users\HP\.vscode\extensions\redhat.java-1.54.0-win32-x64\lombok\lombok-1.18.39-4050.jar c:\Users\HP\.vscode\extensions\redhat.java-1.54.0-win32-x64\server\plugins\org.eclipse.equinox.launcher_1.7.100.v20251111-0406.jar -configuration c:\Users\HP\AppData\Roaming\Code\User\globalStorage\redhat.java\1.54.0\config_ss_win -data c:\Users\HP\AppData\Roaming\Code\User\workspaceStorage\0f96ec3aa47e8d701519645bb2bb7edb\redhat.java\ss_ws --pipe=\\.\pipe\lsp-33fbc1b6ede5b7c470e3a973ac83a7a4-sock

Host: AMD Ryzen 7 5700U with Radeon Graphics         , 16 cores, 7G,  Windows 11 , 64 bit Build 22621 (10.0.22621.5415)
Time: Mon Jun  1 12:19:06 2026 SE Asia Standard Time elapsed time: 19.748041 seconds (0d 0h 0m 19s)

---------------  T H R E A D  ---------------

Current thread (0x000001acf1c57f30):  JavaThread "C2 CompilerThread0" daemon [_thread_in_native, id=21972, stack(0x00000014b2200000,0x00000014b2300000) (1024K)]


Current CompileTask:
C2:19748 4385       4       jdk.internal.jimage.ImageReader$SharedImageReader::makeDirectories (54 bytes)

Stack: [0x00000014b2200000,0x00000014b2300000]
Native frames: (J=compiled Java code, j=interpreted, Vv=VM code, C=native code)
V  [jvm.dll+0x6d7a39]
V  [jvm.dll+0x8b4b26]
V  [jvm.dll+0x8b70de]
V  [jvm.dll+0x8b77c3]
V  [jvm.dll+0x284346]
V  [jvm.dll+0xc66ed]
V  [jvm.dll+0xc6c31]
V  [jvm.dll+0x3bec01]
V  [jvm.dll+0x38b162]
V  [jvm.dll+0x38a5aa]
V  [jvm.dll+0x24c560]
V  [jvm.dll+0x24bb40]
V  [jvm.dll+0x1cb34e]
V  [jvm.dll+0x25b85d]
V  [jvm.dll+0x259dea]
V  [jvm.dll+0x3f857e]
V  [jvm.dll+0x85f59d]
V  [jvm.dll+0x6d626d]
C  [ucrtbase.dll+0x29333]
C  [KERNEL32.DLL+0x1259d]
C  [ntdll.dll+0x5af78]


---------------  P R O C E S S  ---------------

Threads class SMR info:
_java_thread_list=0x000001acf832ef40, length=40, elements={
0x000001ac98baf450, 0x000001acf1c23f90, 0x000001acf1c27ec0, 0x000001acf1c2ba50,
0x000001acf1c4cd30, 0x000001acf1c51e20, 0x000001acf1c530c0, 0x000001acf1c57f30,
0x000001acf1c5a170, 0x000001acf1ec7830, 0x000001acf1ec43b0, 0x000001acf1ec4a40,
0x000001acf1ec6b10, 0x000001acf1ec50d0, 0x000001acf1ec6480, 0x000001acf1ec5df0,
0x000001acf1ec71a0, 0x000001acf8567a20, 0x000001acf8560a90, 0x000001acf85680b0,
0x000001acf85617b0, 0x000001acf8566d00, 0x000001acf8567390, 0x000001acf8561e40,
0x000001acf8564c30, 0x000001acf8562b60, 0x000001acf8561120, 0x000001acf85624d0,
0x000001acf85631f0, 0x000001acf8563880, 0x000001acf8563f10, 0x000001acf85645a0,
0x000001acf85652c0, 0x000001acf8565950, 0x000001acf8565fe0, 0x000001acf8566670,
0x000001acf34409e0, 0x000001acf3444b80, 0x000001acf3445210, 0x000001acf8f2fdd0
}

Java Threads: ( => current thread )
  0x000001ac98baf450 JavaThread "main"                              [_thread_blocked, id=18744, stack(0x00000014b1800000,0x00000014b1900000) (1024K)]
  0x000001acf1c23f90 JavaThread "Reference Handler"          daemon [_thread_blocked, id=17064, stack(0x00000014b1c00000,0x00000014b1d00000) (1024K)]
  0x000001acf1c27ec0 JavaThread "Finalizer"                  daemon [_thread_blocked, id=4132, stack(0x00000014b1d00000,0x00000014b1e00000) (1024K)]
  0x000001acf1c2ba50 JavaThread "Signal Dispatcher"          daemon [_thread_blocked, id=26820, stack(0x00000014b1e00000,0x00000014b1f00000) (1024K)]
  0x000001acf1c4cd30 JavaThread "Attach Listener"            daemon [_thread_blocked, id=3744, stack(0x00000014b1f00000,0x00000014b2000000) (1024K)]
  0x000001acf1c51e20 JavaThread "Service Thread"             daemon [_thread_blocked, id=31984, stack(0x00000014b2000000,0x00000014b2100000) (1024K)]
  0x000001acf1c530c0 JavaThread "Monitor Deflation Thread"   daemon [_thread_blocked, id=34896, stack(0x00000014b2100000,0x00000014b2200000) (1024K)]
=>0x000001acf1c57f30 JavaThread "C2 CompilerThread0"         daemon [_thread_in_native, id=21972, stack(0x00000014b2200000,0x00000014b2300000) (1024K)]
  0x000001acf1c5a170 JavaThread "C1 CompilerThread0"         daemon [_thread_blocked, id=31836, stack(0x00000014b2300000,0x00000014b2400000) (1024K)]
  0x000001acf1ec7830 JavaThread "Common-Cleaner"             daemon [_thread_blocked, id=16856, stack(0x00000014b2500000,0x00000014b2600000) (1024K)]
  0x000001acf1ec43b0 JavaThread "Notification Thread"        daemon [_thread_blocked, id=30220, stack(0x00000014b2700000,0x00000014b2800000) (1024K)]
  0x000001acf1ec4a40 JavaThread "Active Thread: Equinox Container: 6f3ff53e-4b64-4c3e-b065-edbf76b12054"        [_thread_blocked, id=928, stack(0x00000014b2e00000,0x00000014b2f00000) (1024K)]
  0x000001acf1ec6b10 JavaThread "Framework Event Dispatcher: Equinox Container: 6f3ff53e-4b64-4c3e-b065-edbf76b12054" daemon [_thread_blocked, id=18476, stack(0x00000014b2f00000,0x00000014b3000000) (1024K)]
  0x000001acf1ec50d0 JavaThread "Start Level: Equinox Container: 6f3ff53e-4b64-4c3e-b065-edbf76b12054" daemon [_thread_blocked, id=19612, stack(0x00000014b3100000,0x00000014b3200000) (1024K)]
  0x000001acf1ec6480 JavaThread "SCR Component Actor"        daemon [_thread_blocked, id=20064, stack(0x00000014b3200000,0x00000014b3300000) (1024K)]
  0x000001acf1ec5df0 JavaThread "Worker-JM"                         [_thread_blocked, id=3508, stack(0x00000014b3300000,0x00000014b3400000) (1024K)]
  0x000001acf1ec71a0 JavaThread "Worker-0"                          [_thread_blocked, id=22860, stack(0x00000014b3600000,0x00000014b3700000) (1024K)]
  0x000001acf8567a20 JavaThread "Worker-1"                          [_thread_blocked, id=33336, stack(0x00000014b3700000,0x00000014b3800000) (1024K)]
  0x000001acf8560a90 JavaThread "JNA Cleaner"                daemon [_thread_blocked, id=13852, stack(0x00000014b3b00000,0x00000014b3c00000) (1024K)]
  0x000001acf85680b0 JavaThread "Thread-1"                   daemon [_thread_in_native, id=35340, stack(0x00000014b3c00000,0x00000014b3d00000) (1024K)]
  0x000001acf85617b0 JavaThread "Thread-2"                   daemon [_thread_in_native, id=26972, stack(0x00000014b3d00000,0x00000014b3e00000) (1024K)]
  0x000001acf8566d00 JavaThread "Thread-3"                   daemon [_thread_in_native, id=32856, stack(0x00000014b3e00000,0x00000014b3f00000) (1024K)]
  0x000001acf8567390 JavaThread "Thread-4"                   daemon [_thread_in_native, id=21048, stack(0x00000014b3f00000,0x00000014b4000000) (1024K)]
  0x000001acf8561e40 JavaThread "Thread-5"                   daemon [_thread_in_native, id=18976, stack(0x00000014b4000000,0x00000014b4100000) (1024K)]
  0x000001acf8564c30 JavaThread "Thread-6"                   daemon [_thread_in_native, id=26876, stack(0x00000014b4100000,0x00000014b4200000) (1024K)]
  0x000001acf8562b60 JavaThread "Thread-7"                   daemon [_thread_in_native, id=37636, stack(0x00000014b4200000,0x00000014b4300000) (1024K)]
  0x000001acf8561120 JavaThread "Thread-8"                   daemon [_thread_in_native, id=29728, stack(0x00000014b4300000,0x00000014b4400000) (1024K)]
  0x000001acf85624d0 JavaThread "Thread-9"                   daemon [_thread_in_native, id=29508, stack(0x00000014b4400000,0x00000014b4500000) (1024K)]
  0x000001acf85631f0 JavaThread "Thread-10"                  daemon [_thread_in_native, id=6768, stack(0x00000014b4500000,0x00000014b4600000) (1024K)]
  0x000001acf8563880 JavaThread "Thread-11"                  daemon [_thread_in_native, id=13104, stack(0x00000014b4600000,0x00000014b4700000) (1024K)]
  0x000001acf8563f10 JavaThread "Thread-12"                  daemon [_thread_in_native, id=30660, stack(0x00000014b4700000,0x00000014b4800000) (1024K)]
  0x000001acf85645a0 JavaThread "Thread-13"                  daemon [_thread_in_native, id=34700, stack(0x00000014b4800000,0x00000014b4900000) (1024K)]
  0x000001acf85652c0 JavaThread "Thread-14"                  daemon [_thread_in_native, id=10992, stack(0x00000014b4900000,0x00000014b4a00000) (1024K)]
  0x000001acf8565950 JavaThread "Thread-15"                  daemon [_thread_in_native, id=16160, stack(0x00000014b4a00000,0x00000014b4b00000) (1024K)]
  0x000001acf8565fe0 JavaThread "Thread-16"                  daemon [_thread_in_native, id=28544, stack(0x00000014b4b00000,0x00000014b4c00000) (1024K)]
  0x000001acf8566670 JavaThread "Thread-17"                  daemon [_thread_in_native, id=38840, stack(0x00000014b4c00000,0x00000014b4d00000) (1024K)]
  0x000001acf34409e0 JavaThread "pool-2-thread-1"                   [_thread_blocked, id=18788, stack(0x00000014b4d00000,0x00000014b4e00000) (1024K)]
  0x000001acf3444b80 JavaThread "WorkspaceEventsHandler"            [_thread_in_Java, id=8432, stack(0x00000014b4e00000,0x00000014b4f00000) (1024K)]
  0x000001acf3445210 JavaThread "pool-1-thread-1"                   [_thread_blocked, id=5828, stack(0x00000014b4f00000,0x00000014b5000000) (1024K)]
  0x000001acf8f2fdd0 JavaThread "C1 CompilerThread1"         daemon [_thread_blocked, id=20436, stack(0x00000014b2400000,0x00000014b2500000) (1024K)]
Total: 40

Other Threads:
  0x000001acf1c22a20 VMThread "VM Thread"                           [id=30816, stack(0x00000014b1b00000,0x00000014b1c00000) (1024K)]
  0x000001acaf53ca10 WatcherThread "VM Periodic Task Thread"        [id=6708, stack(0x00000014b1a00000,0x00000014b1b00000) (1024K)]
  0x000001ac98bcd4d0 WorkerThread "GC Thread#0"                     [id=17460, stack(0x00000014b1900000,0x00000014b1a00000) (1024K)]
  0x000001acf3439cb0 WorkerThread "GC Thread#1"                     [id=36336, stack(0x00000014b2800000,0x00000014b2900000) (1024K)]
  0x000001acf36904a0 WorkerThread "GC Thread#2"                     [id=29808, stack(0x00000014b2900000,0x00000014b2a00000) (1024K)]
  0x000001acf3690850 WorkerThread "GC Thread#3"                     [id=38776, stack(0x00000014b2a00000,0x00000014b2b00000) (1024K)]
  0x000001acf367a060 WorkerThread "GC Thread#4"                     [id=36008, stack(0x00000014b2b00000,0x00000014b2c00000) (1024K)]
  0x000001acf37ec6b0 WorkerThread "GC Thread#5"                     [id=1668, stack(0x00000014b2c00000,0x00000014b2d00000) (1024K)]
  0x000001acf37eca60 WorkerThread "GC Thread#6"                     [id=11440, stack(0x00000014b2d00000,0x00000014b2e00000) (1024K)]
  0x000001acf37ebba0 WorkerThread "GC Thread#7"                     [id=19576, stack(0x00000014b3000000,0x00000014b3100000) (1024K)]
  0x000001acf37eb440 WorkerThread "GC Thread#8"                     [id=13032, stack(0x00000014b3400000,0x00000014b3500000) (1024K)]
  0x000001acf37eb7f0 WorkerThread "GC Thread#9"                     [id=15508, stack(0x00000014b3500000,0x00000014b3600000) (1024K)]
  0x000001acf37ebf50 WorkerThread "GC Thread#10"                    [id=15948, stack(0x00000014b3800000,0x00000014b3900000) (1024K)]
  0x000001acf37ec300 WorkerThread "GC Thread#11"                    [id=12152, stack(0x00000014b3900000,0x00000014b3a00000) (1024K)]
  0x000001acf83c9750 WorkerThread "GC Thread#12"                    [id=33788, stack(0x00000014b3a00000,0x00000014b3b00000) (1024K)]
Total: 15

Threads with active compile tasks:
C2 CompilerThread0  20182 4385       4       jdk.internal.jimage.ImageReader$SharedImageReader::makeDirectories (54 bytes)
Total: 1

VM state: not at safepoint (normal execution)

VM Mutex/Monitor currently owned by a thread: None

Heap address: 0x0000000080000000, size: 2048 MB, Compressed Oops mode: 32-bit

CDS archive(s) mapped at: [0x000001acb0000000-0x000001acb0ba0000-0x000001acb0ba0000), size 12189696, SharedBaseAddress: 0x000001acb0000000, ArchiveRelocationMode: 1.
Compressed class space mapped at: 0x000001acb1000000-0x000001acf1000000, reserved size: 1073741824
Narrow klass base: 0x000001acb0000000, Narrow klass shift: 0, Narrow klass range: 0x100000000

GC Precious Log:
 CardTable entry size: 512
 CPUs: 16 total, 16 available
 Memory: 7501M
 Large Page Support: Disabled
 NUMA Support: Disabled
 Compressed Oops: Enabled (32-bit)
 Alignments: Space 512K, Generation 512K, Heap 2M
 Heap Min Capacity: 100M
 Heap Initial Capacity: 100M
 Heap Max Capacity: 2G
 Pre-touch: Disabled
 Parallel Workers: 13

Heap:
 PSYoungGen      total 24576K, used 17467K [0x00000000d5580000, 0x00000000d7100000, 0x0000000100000000)
  eden space 22016K, 70% used [0x00000000d5580000,0x00000000d64c0ad0,0x00000000d6b00000)
  from space 2560K, 82% used [0x00000000d6c80000,0x00000000d6e90010,0x00000000d6f00000)
  to   space 2048K, 0% used [0x00000000d6f00000,0x00000000d6f00000,0x00000000d7100000)
 ParOldGen       total 68608K, used 16603K [0x0000000080000000, 0x0000000084300000, 0x00000000d5580000)
  object space 68608K, 24% used [0x0000000080000000,0x0000000081036f88,0x0000000084300000)
 Metaspace       used 32717K, committed 33600K, reserved 1114112K
  class space    used 3324K, committed 3712K, reserved 1048576K

Card table byte_map: [0x000001ac98580000,0x000001ac98990000] _byte_map_base: 0x000001ac98180000

Marking Bits: (ParMarkBitMap*) 0x00007ff83f033450
 Begin Bits: [0x000001acab060000, 0x000001acad060000)
 End Bits:   [0x000001acad060000, 0x000001acaf060000)

Polling page: 0x000001ac98370000

Metaspace:

Usage:
  Non-class:     28.70 MB used.
      Class:      3.25 MB used.
       Both:     31.95 MB used.

Virtual space:
  Non-class space:       64.00 MB reserved,      29.19 MB ( 46%) committed,  1 nodes.
      Class space:        1.00 GB reserved,       3.62 MB ( <1%) committed,  1 nodes.
             Both:        1.06 GB reserved,      32.81 MB (  3%) committed. 

Chunk freelists:
   Non-Class:  2.05 MB
       Class:  12.22 MB
        Both:  14.27 MB

MaxMetaspaceSize: unlimited
CompressedClassSpaceSize: 1.00 GB
Initial GC threshold: 21.00 MB
Current GC threshold: 35.00 MB
CDS: on
 - commit_granule_bytes: 65536.
 - commit_granule_words: 8192.
 - virtual_space_node_default_size: 8388608.
 - enlarge_chunks_in_place: 1.
 - use_allocation_guard: 0.


Internal statistics:

num_allocs_failed_limit: 3.
num_arena_births: 654.
num_arena_deaths: 14.
num_vsnodes_births: 2.
num_vsnodes_deaths: 0.
num_space_committed: 525.
num_space_uncommitted: 0.
num_chunks_returned_to_freelist: 17.
num_chunks_taken_from_freelist: 1944.
num_chunk_merges: 9.
num_chunk_splits: 1244.
num_chunks_enlarged: 800.
num_inconsistent_stats: 0.

CodeHeap 'non-profiled nmethods': size=119168Kb used=1836Kb max_used=1836Kb free=117331Kb
 bounds [0x000001aca3950000, 0x000001aca3bc0000, 0x000001acaadb0000]
CodeHeap 'profiled nmethods': size=119104Kb used=8955Kb max_used=8955Kb free=110148Kb
 bounds [0x000001ac9bdb0000, 0x000001ac9c670000, 0x000001aca3200000]
CodeHeap 'non-nmethods': size=7488Kb used=1918Kb max_used=2515Kb free=5569Kb
 bounds [0x000001aca3200000, 0x000001aca3480000, 0x000001aca3950000]
CodeCache: size=245760Kb, used=12709Kb, max_used=13306Kb, free=233048Kb
 total_blobs=5065, nmethods=4415, adapters=555, full_count=0
Compilation: enabled, stopped_count=0, restarted_count=0

Compilation events (20 events):
Event: 19.620 Thread 0x000001acf1c5a170 nmethod 4425 0x000001ac9c662a90 code [0x000001ac9c662c20, 0x000001ac9c662d80]
Event: 19.620 Thread 0x000001acf8f2fdd0 nmethod 4424 0x000001ac9c662e10 code [0x000001ac9c662fc0, 0x000001ac9c663128]
Event: 19.620 Thread 0x000001acf1c5a170 4427       3       java.util.ImmutableCollections$MapN$MapNIterator::next (75 bytes)
Event: 19.620 Thread 0x000001acf8f2fdd0 4426       3       java.util.ImmutableCollections$MapN$MapNIterator::next (5 bytes)
Event: 19.620 Thread 0x000001acf8f2fdd0 nmethod 4426 0x000001ac9c663210 code [0x000001ac9c6633c0, 0x000001ac9c663518]
Event: 19.620 Thread 0x000001acf8f2fdd0 4428       3       java.util.Collection::toArray (17 bytes)
Event: 19.621 Thread 0x000001acf8f2fdd0 nmethod 4428 0x000001ac9c663610 code [0x000001ac9c6637e0, 0x000001ac9c663b80]
Event: 19.621 Thread 0x000001acf1c5a170 nmethod 4427 0x000001ac9c663c90 code [0x000001ac9c663ec0, 0x000001ac9c664670]
Event: 19.621 Thread 0x000001acf1c5a170 4430       3       java.util.Arrays::compare (109 bytes)
Event: 19.621 Thread 0x000001acf8f2fdd0 4429       3       org.eclipse.jdt.internal.core.JarPackageFragmentRoot$$Lambda/0x000001acb13bc658::compare (18 bytes)
Event: 19.622 Thread 0x000001acf8f2fdd0 nmethod 4429 0x000001ac9c664a10 code [0x000001ac9c664bc0, 0x000001ac9c664ee0]
Event: 19.622 Thread 0x000001acf1c5a170 nmethod 4430 0x000001ac9c665010 code [0x000001ac9c665220, 0x000001ac9c665890]
Event: 19.623 Thread 0x000001acf8f2fdd0 4431       1       org.eclipse.jdt.internal.core.JavaElement::getJavaProject (5 bytes)
Event: 19.623 Thread 0x000001acf1c5a170 4433       3       org.eclipse.jdt.internal.core.JavaElement::<init> (26 bytes)
Event: 19.623 Thread 0x000001acf8f2fdd0 nmethod 4431 0x000001aca3b1aa90 code [0x000001aca3b1ac20, 0x000001aca3b1ace8]
Event: 19.624 Thread 0x000001acf8f2fdd0 4434       3       org.eclipse.jdt.internal.core.Openable::<init> (6 bytes)
Event: 19.624 Thread 0x000001acf1c5a170 nmethod 4433 0x000001ac9c665a90 code [0x000001ac9c665c60, 0x000001ac9c665f80]
Event: 19.624 Thread 0x000001acf1c5a170 4432       1       org.eclipse.jdt.internal.core.JarPackageFragment::internalIsValidPackageName (2 bytes)
Event: 19.624 Thread 0x000001acf1c5a170 nmethod 4432 0x000001aca3b1ad90 code [0x000001aca3b1af20, 0x000001aca3b1afe8]
Event: 19.624 Thread 0x000001acf8f2fdd0 nmethod 4434 0x000001ac9c666090 code [0x000001ac9c666260, 0x000001ac9c6665e8]

GC Heap History (20 events):
Event: 4.395 GC heap before
{Heap before GC invocations=3 (full 0):
 PSYoungGen      total 29696K, used 29686K [0x00000000d5580000, 0x00000000d7680000, 0x0000000100000000)
  eden space 25600K, 100% used [0x00000000d5580000,0x00000000d6e80000,0x00000000d6e80000)
  from space 4096K, 99% used [0x00000000d7280000,0x00000000d767d810,0x00000000d7680000)
  to   space 4096K, 0% used [0x00000000d6e80000,0x00000000d6e80000,0x00000000d7280000)
 ParOldGen       total 68608K, used 1065K [0x0000000080000000, 0x0000000084300000, 0x00000000d5580000)
  object space 68608K, 1% used [0x0000000080000000,0x000000008010a6a8,0x0000000084300000)
 Metaspace       used 12889K, committed 13440K, reserved 1114112K
  class space    used 1356K, committed 1600K, reserved 1048576K
}
Event: 4.403 GC heap after
{Heap after GC invocations=3 (full 0):
 PSYoungGen      total 29696K, used 4087K [0x00000000d5580000, 0x00000000d7680000, 0x0000000100000000)
  eden space 25600K, 0% used [0x00000000d5580000,0x00000000d5580000,0x00000000d6e80000)
  from space 4096K, 99% used [0x00000000d6e80000,0x00000000d727dfa0,0x00000000d7280000)
  to   space 4096K, 0% used [0x00000000d7280000,0x00000000d7280000,0x00000000d7680000)
 ParOldGen       total 68608K, used 2796K [0x0000000080000000, 0x0000000084300000, 0x00000000d5580000)
  object space 68608K, 4% used [0x0000000080000000,0x00000000802bb3e0,0x0000000084300000)
 Metaspace       used 12889K, committed 13440K, reserved 1114112K
  class space    used 1356K, committed 1600K, reserved 1048576K
}
Event: 5.242 GC heap before
{Heap before GC invocations=4 (full 0):
 PSYoungGen      total 29696K, used 29687K [0x00000000d5580000, 0x00000000d7680000, 0x0000000100000000)
  eden space 25600K, 100% used [0x00000000d5580000,0x00000000d6e80000,0x00000000d6e80000)
  from space 4096K, 99% used [0x00000000d6e80000,0x00000000d727dfa0,0x00000000d7280000)
  to   space 4096K, 0% used [0x00000000d7280000,0x00000000d7280000,0x00000000d7680000)
 ParOldGen       total 68608K, used 2796K [0x0000000080000000, 0x0000000084300000, 0x00000000d5580000)
  object space 68608K, 4% used [0x0000000080000000,0x00000000802bb3e0,0x0000000084300000)
 Metaspace       used 16323K, committed 16960K, reserved 1114112K
  class space    used 1694K, committed 1984K, reserved 1048576K
}
Event: 5.249 GC heap after
{Heap after GC invocations=4 (full 0):
 PSYoungGen      total 29696K, used 4067K [0x00000000d5580000, 0x00000000d7680000, 0x0000000100000000)
  eden space 25600K, 0% used [0x00000000d5580000,0x00000000d5580000,0x00000000d6e80000)
  from space 4096K, 99% used [0x00000000d7280000,0x00000000d7678d30,0x00000000d7680000)
  to   space 4096K, 0% used [0x00000000d6e80000,0x00000000d6e80000,0x00000000d7280000)
 ParOldGen       total 68608K, used 5496K [0x0000000080000000, 0x0000000084300000, 0x00000000d5580000)
  object space 68608K, 8% used [0x0000000080000000,0x000000008055e150,0x0000000084300000)
 Metaspace       used 16323K, committed 16960K, reserved 1114112K
  class space    used 1694K, committed 1984K, reserved 1048576K
}
Event: 5.648 GC heap before
{Heap before GC invocations=5 (full 0):
 PSYoungGen      total 29696K, used 29667K [0x00000000d5580000, 0x00000000d7680000, 0x0000000100000000)
  eden space 25600K, 100% used [0x00000000d5580000,0x00000000d6e80000,0x00000000d6e80000)
  from space 4096K, 99% used [0x00000000d7280000,0x00000000d7678d30,0x00000000d7680000)
  to   space 4096K, 0% used [0x00000000d6e80000,0x00000000d6e80000,0x00000000d7280000)
 ParOldGen       total 68608K, used 5496K [0x0000000080000000, 0x0000000084300000, 0x00000000d5580000)
  object space 68608K, 8% used [0x0000000080000000,0x000000008055e150,0x0000000084300000)
 Metaspace       used 20031K, committed 20672K, reserved 1114112K
  class space    used 1964K, committed 2240K, reserved 1048576K
}
Event: 5.652 GC heap after
{Heap after GC invocations=5 (full 0):
 PSYoungGen      total 29184K, used 4089K [0x00000000d5580000, 0x00000000d7900000, 0x0000000100000000)
  eden space 25088K, 0% used [0x00000000d5580000,0x00000000d5580000,0x00000000d6e00000)
  from space 4096K, 99% used [0x00000000d6e80000,0x00000000d727e518,0x00000000d7280000)
  to   space 5632K, 0% used [0x00000000d7380000,0x00000000d7380000,0x00000000d7900000)
 ParOldGen       total 68608K, used 5832K [0x0000000080000000, 0x0000000084300000, 0x00000000d5580000)
  object space 68608K, 8% used [0x0000000080000000,0x00000000805b2150,0x0000000084300000)
 Metaspace       used 20031K, committed 20672K, reserved 1114112K
  class space    used 1964K, committed 2240K, reserved 1048576K
}
Event: 5.816 GC heap before
{Heap before GC invocations=6 (full 0):
 PSYoungGen      total 29184K, used 20007K [0x00000000d5580000, 0x00000000d7900000, 0x0000000100000000)
  eden space 25088K, 63% used [0x00000000d5580000,0x00000000d650b850,0x00000000d6e00000)
  from space 4096K, 99% used [0x00000000d6e80000,0x00000000d727e518,0x00000000d7280000)
  to   space 5632K, 0% used [0x00000000d7380000,0x00000000d7380000,0x00000000d7900000)
 ParOldGen       total 68608K, used 5832K [0x0000000080000000, 0x0000000084300000, 0x00000000d5580000)
  object space 68608K, 8% used [0x0000000080000000,0x00000000805b2150,0x0000000084300000)
 Metaspace       used 20909K, committed 21504K, reserved 1114112K
  class space    used 2016K, committed 2304K, reserved 1048576K
}
Event: 5.821 GC heap after
{Heap after GC invocations=6 (full 0):
 PSYoungGen      total 29696K, used 5611K [0x00000000d5580000, 0x00000000d7b00000, 0x0000000100000000)
  eden space 24064K, 0% used [0x00000000d5580000,0x00000000d5580000,0x00000000d6d00000)
  from space 5632K, 99% used [0x00000000d7380000,0x00000000d78fafe0,0x00000000d7900000)
  to   space 6656K, 0% used [0x00000000d6d00000,0x00000000d6d00000,0x00000000d7380000)
 ParOldGen       total 68608K, used 6155K [0x0000000080000000, 0x0000000084300000, 0x00000000d5580000)
  object space 68608K, 8% used [0x0000000080000000,0x0000000080602c98,0x0000000084300000)
 Metaspace       used 20909K, committed 21504K, reserved 1114112K
  class space    used 2016K, committed 2304K, reserved 1048576K
}
Event: 5.821 GC heap before
{Heap before GC invocations=7 (full 1):
 PSYoungGen      total 29696K, used 5611K [0x00000000d5580000, 0x00000000d7b00000, 0x0000000100000000)
  eden space 24064K, 0% used [0x00000000d5580000,0x00000000d5580000,0x00000000d6d00000)
  from space 5632K, 99% used [0x00000000d7380000,0x00000000d78fafe0,0x00000000d7900000)
  to   space 6656K, 0% used [0x00000000d6d00000,0x00000000d6d00000,0x00000000d7380000)
 ParOldGen       total 68608K, used 6155K [0x0000000080000000, 0x0000000084300000, 0x00000000d5580000)
  object space 68608K, 8% used [0x0000000080000000,0x0000000080602c98,0x0000000084300000)
 Metaspace       used 20909K, committed 21504K, reserved 1114112K
  class space    used 2016K, committed 2304K, reserved 1048576K
}
Event: 5.858 GC heap after
{Heap after GC invocations=7 (full 1):
 PSYoungGen      total 29696K, used 0K [0x00000000d5580000, 0x00000000d7b00000, 0x0000000100000000)
  eden space 24064K, 0% used [0x00000000d5580000,0x00000000d5580000,0x00000000d6d00000)
  from space 5632K, 0% used [0x00000000d7380000,0x00000000d7380000,0x00000000d7900000)
  to   space 6656K, 0% used [0x00000000d6d00000,0x00000000d6d00000,0x00000000d7380000)
 ParOldGen       total 68608K, used 9914K [0x0000000080000000, 0x0000000084300000, 0x00000000d5580000)
  object space 68608K, 14% used [0x0000000080000000,0x00000000809aea08,0x0000000084300000)
 Metaspace       used 20896K, committed 21504K, reserved 1114112K
  class space    used 2013K, committed 2304K, reserved 1048576K
}
Event: 6.725 GC heap before
{Heap before GC invocations=8 (full 1):
 PSYoungGen      total 29696K, used 24064K [0x00000000d5580000, 0x00000000d7b00000, 0x0000000100000000)
  eden space 24064K, 100% used [0x00000000d5580000,0x00000000d6d00000,0x00000000d6d00000)
  from space 5632K, 0% used [0x00000000d7380000,0x00000000d7380000,0x00000000d7900000)
  to   space 6656K, 0% used [0x00000000d6d00000,0x00000000d6d00000,0x00000000d7380000)
 ParOldGen       total 68608K, used 9914K [0x0000000080000000, 0x0000000084300000, 0x00000000d5580000)
  object space 68608K, 14% used [0x0000000080000000,0x00000000809aea08,0x0000000084300000)
 Metaspace       used 24454K, committed 25152K, reserved 1114112K
  class space    used 2363K, committed 2688K, reserved 1048576K
}
Event: 6.728 GC heap after
{Heap after GC invocations=8 (full 1):
 PSYoungGen      total 26112K, used 2223K [0x00000000d5580000, 0x00000000d7480000, 0x0000000100000000)
  eden space 23552K, 0% used [0x00000000d5580000,0x00000000d5580000,0x00000000d6c80000)
  from space 2560K, 86% used [0x00000000d6d00000,0x00000000d6f2bc00,0x00000000d6f80000)
  to   space 4096K, 0% used [0x00000000d7080000,0x00000000d7080000,0x00000000d7480000)
 ParOldGen       total 68608K, used 9922K [0x0000000080000000, 0x0000000084300000, 0x00000000d5580000)
  object space 68608K, 14% used [0x0000000080000000,0x00000000809b0a08,0x0000000084300000)
 Metaspace       used 24454K, committed 25152K, reserved 1114112K
  class space    used 2363K, committed 2688K, reserved 1048576K
}
Event: 7.341 GC heap before
{Heap before GC invocations=9 (full 1):
 PSYoungGen      total 26112K, used 25775K [0x00000000d5580000, 0x00000000d7480000, 0x0000000100000000)
  eden space 23552K, 100% used [0x00000000d5580000,0x00000000d6c80000,0x00000000d6c80000)
  from space 2560K, 86% used [0x00000000d6d00000,0x00000000d6f2bc00,0x00000000d6f80000)
  to   space 4096K, 0% used [0x00000000d7080000,0x00000000d7080000,0x00000000d7480000)
 ParOldGen       total 68608K, used 9922K [0x0000000080000000, 0x0000000084300000, 0x00000000d5580000)
  object space 68608K, 14% used [0x0000000080000000,0x00000000809b0a08,0x0000000084300000)
 Metaspace       used 27970K, committed 28736K, reserved 1114112K
  class space    used 2799K, committed 3136K, reserved 1048576K
}
Event: 7.346 GC heap after
{Heap after GC invocations=9 (full 1):
 PSYoungGen      total 26624K, used 3176K [0x00000000d5580000, 0x00000000d7400000, 0x0000000100000000)
  eden space 23040K, 0% used [0x00000000d5580000,0x00000000d5580000,0x00000000d6c00000)
  from space 3584K, 88% used [0x00000000d7080000,0x00000000d739a258,0x00000000d7400000)
  to   space 3584K, 0% used [0x00000000d6d00000,0x00000000d6d00000,0x00000000d7080000)
 ParOldGen       total 68608K, used 9930K [0x0000000080000000, 0x0000000084300000, 0x00000000d5580000)
  object space 68608K, 14% used [0x0000000080000000,0x00000000809b2a08,0x0000000084300000)
 Metaspace       used 27970K, committed 28736K, reserved 1114112K
  class space    used 2799K, committed 3136K, reserved 1048576K
}
Event: 18.556 GC heap before
{Heap before GC invocations=10 (full 1):
 PSYoungGen      total 26624K, used 26216K [0x00000000d5580000, 0x00000000d7400000, 0x0000000100000000)
  eden space 23040K, 100% used [0x00000000d5580000,0x00000000d6c00000,0x00000000d6c00000)
  from space 3584K, 88% used [0x00000000d7080000,0x00000000d739a258,0x00000000d7400000)
  to   space 3584K, 0% used [0x00000000d6d00000,0x00000000d6d00000,0x00000000d7080000)
 ParOldGen       total 68608K, used 9930K [0x0000000080000000, 0x0000000084300000, 0x00000000d5580000)
  object space 68608K, 14% used [0x0000000080000000,0x00000000809b2a08,0x0000000084300000)
 Metaspace       used 30408K, committed 31232K, reserved 1114112K
  class space    used 3066K, committed 3456K, reserved 1048576K
}
Event: 18.563 GC heap after
{Heap after GC invocations=10 (full 1):
 PSYoungGen      total 26112K, used 3567K [0x00000000d5580000, 0x00000000d7580000, 0x0000000100000000)
  eden space 22528K, 0% used [0x00000000d5580000,0x00000000d5580000,0x00000000d6b80000)
  from space 3584K, 99% used [0x00000000d6d00000,0x00000000d707bd68,0x00000000d7080000)
  to   space 5120K, 0% used [0x00000000d7080000,0x00000000d7080000,0x00000000d7580000)
 ParOldGen       total 68608K, used 10814K [0x0000000080000000, 0x0000000084300000, 0x00000000d5580000)
  object space 68608K, 15% used [0x0000000080000000,0x0000000080a8fa48,0x0000000084300000)
 Metaspace       used 30408K, committed 31232K, reserved 1114112K
  class space    used 3066K, committed 3456K, reserved 1048576K
}
Event: 19.447 GC heap before
{Heap before GC invocations=11 (full 1):
 PSYoungGen      total 26112K, used 26095K [0x00000000d5580000, 0x00000000d7580000, 0x0000000100000000)
  eden space 22528K, 100% used [0x00000000d5580000,0x00000000d6b80000,0x00000000d6b80000)
  from space 3584K, 99% used [0x00000000d6d00000,0x00000000d707bd68,0x00000000d7080000)
  to   space 5120K, 0% used [0x00000000d7080000,0x00000000d7080000,0x00000000d7580000)
 ParOldGen       total 68608K, used 10814K [0x0000000080000000, 0x0000000084300000, 0x00000000d5580000)
  object space 68608K, 15% used [0x0000000080000000,0x0000000080a8fa48,0x0000000084300000)
 Metaspace       used 32341K, committed 33216K, reserved 1114112K
  class space    used 3269K, committed 3648K, reserved 1048576K
}
Event: 19.452 GC heap after
{Heap after GC invocations=11 (full 1):
 PSYoungGen      total 26112K, used 3807K [0x00000000d5580000, 0x00000000d7480000, 0x0000000100000000)
  eden space 22016K, 0% used [0x00000000d5580000,0x00000000d5580000,0x00000000d6b00000)
  from space 4096K, 92% used [0x00000000d7080000,0x00000000d7437da8,0x00000000d7480000)
  to   space 4096K, 0% used [0x00000000d6c80000,0x00000000d6c80000,0x00000000d7080000)
 ParOldGen       total 68608K, used 12974K [0x0000000080000000, 0x0000000084300000, 0x00000000d5580000)
  object space 68608K, 18% used [0x0000000080000000,0x0000000080cabb00,0x0000000084300000)
 Metaspace       used 32341K, committed 33216K, reserved 1114112K
  class space    used 3269K, committed 3648K, reserved 1048576K
}
Event: 19.554 GC heap before
{Heap before GC invocations=12 (full 1):
 PSYoungGen      total 26112K, used 25823K [0x00000000d5580000, 0x00000000d7480000, 0x0000000100000000)
  eden space 22016K, 100% used [0x00000000d5580000,0x00000000d6b00000,0x00000000d6b00000)
  from space 4096K, 92% used [0x00000000d7080000,0x00000000d7437da8,0x00000000d7480000)
  to   space 4096K, 0% used [0x00000000d6c80000,0x00000000d6c80000,0x00000000d7080000)
 ParOldGen       total 68608K, used 12974K [0x0000000080000000, 0x0000000084300000, 0x00000000d5580000)
  object space 68608K, 18% used [0x0000000080000000,0x0000000080cabb00,0x0000000084300000)
 Metaspace       used 32343K, committed 33216K, reserved 1114112K
  class space    used 3269K, committed 3648K, reserved 1048576K
}
Event: 19.562 GC heap after
{Heap after GC invocations=12 (full 1):
 PSYoungGen      total 24576K, used 2112K [0x00000000d5580000, 0x00000000d7100000, 0x0000000100000000)
  eden space 22016K, 0% used [0x00000000d5580000,0x00000000d5580000,0x00000000d6b00000)
  from space 2560K, 82% used [0x00000000d6c80000,0x00000000d6e90010,0x00000000d6f00000)
  to   space 2048K, 0% used [0x00000000d6f00000,0x00000000d6f00000,0x00000000d7100000)
 ParOldGen       total 68608K, used 16603K [0x0000000080000000, 0x0000000084300000, 0x00000000d5580000)
  object space 68608K, 24% used [0x0000000080000000,0x0000000081036f88,0x0000000084300000)
 Metaspace       used 32343K, committed 33216K, reserved 1114112K
  class space    used 3269K, committed 3648K, reserved 1048576K
}

Dll operation events (12 events):
Event: 0.023 Loaded shared library c:\Users\HP\.vscode\extensions\redhat.java-1.54.0-win32-x64\jre\21.0.10-win32-x86_64\bin\java.dll
Event: 0.188 Loaded shared library c:\Users\HP\.vscode\extensions\redhat.java-1.54.0-win32-x64\jre\21.0.10-win32-x86_64\bin\zip.dll
Event: 0.231 Loaded shared library C:\Users\HP\.vscode\extensions\redhat.java-1.54.0-win32-x64\jre\21.0.10-win32-x86_64\bin\instrument.dll
Event: 0.244 Loaded shared library C:\Users\HP\.vscode\extensions\redhat.java-1.54.0-win32-x64\jre\21.0.10-win32-x86_64\bin\net.dll
Event: 0.249 Loaded shared library C:\Users\HP\.vscode\extensions\redhat.java-1.54.0-win32-x64\jre\21.0.10-win32-x86_64\bin\nio.dll
Event: 0.257 Loaded shared library C:\Users\HP\.vscode\extensions\redhat.java-1.54.0-win32-x64\jre\21.0.10-win32-x86_64\bin\zip.dll
Event: 0.307 Loaded shared library C:\Users\HP\.vscode\extensions\redhat.java-1.54.0-win32-x64\jre\21.0.10-win32-x86_64\bin\jimage.dll
Event: 0.584 Loaded shared library c:\Users\HP\.vscode\extensions\redhat.java-1.54.0-win32-x64\jre\21.0.10-win32-x86_64\bin\verify.dll
Event: 3.305 Loaded shared library C:\Users\HP\AppData\Roaming\Code\User\globalStorage\redhat.java\1.54.0\config_ss_win\org.eclipse.equinox.launcher\org.eclipse.equinox.launcher.win32.win32.x86_64_1.3.0.v20260203-2149\eclipse_11919.dll
Event: 4.643 Loaded shared library C:\Users\HP\.vscode\extensions\redhat.java-1.54.0-win32-x64\jre\21.0.10-win32-x86_64\bin\management.dll
Event: 4.733 Loaded shared library C:\Users\HP\.vscode\extensions\redhat.java-1.54.0-win32-x64\jre\21.0.10-win32-x86_64\bin\management_ext.dll
Event: 6.698 Loaded shared library C:\Users\HP\AppData\Local\Temp\jna-2312\jna2658168319478136722.dll

Deoptimization events (20 events):
Event: 19.218 Thread 0x000001acf3444b80 Uncommon trap: trap_request=0xffffff45 fr.pc=0x000001aca3ab2aa4 relative=0x0000000000004fa4
Event: 19.218 Thread 0x000001acf3444b80 Uncommon trap: reason=unstable_if action=reinterpret pc=0x000001aca3ab2aa4 method=java.lang.invoke.MethodType.genericMethodType(IZ)Ljava/lang/invoke/MethodType; @ 27 c2
Event: 19.218 Thread 0x000001acf3444b80 DEOPT PACKING pc=0x000001aca3ab2aa4 sp=0x00000014b4efbd50
Event: 19.218 Thread 0x000001acf3444b80 DEOPT UNPACKING pc=0x000001aca3253aa2 sp=0x00000014b4efbb60 mode 2
Event: 19.411 Thread 0x000001acf3444b80 Uncommon trap: trap_request=0xffffff45 fr.pc=0x000001aca3b10564 relative=0x00000000000004c4
Event: 19.411 Thread 0x000001acf3444b80 Uncommon trap: reason=unstable_if action=reinterpret pc=0x000001aca3b10564 method=jdk.internal.org.objectweb.asm.MethodWriter.visitVarInsn(II)V @ 230 c2
Event: 19.411 Thread 0x000001acf3444b80 DEOPT PACKING pc=0x000001aca3b10564 sp=0x00000014b4efae80
Event: 19.411 Thread 0x000001acf3444b80 DEOPT UNPACKING pc=0x000001aca3253aa2 sp=0x00000014b4efae28 mode 2
Event: 19.421 Thread 0x000001acf3444b80 Uncommon trap: trap_request=0xffffff45 fr.pc=0x000001aca3b0b7e0 relative=0x00000000000001a0
Event: 19.421 Thread 0x000001acf3444b80 Uncommon trap: reason=unstable_if action=reinterpret pc=0x000001aca3b0b7e0 method=jdk.internal.jrtfs.JrtPath.normalize(Ljava/lang/String;)Ljava/lang/String; @ 78 c2
Event: 19.421 Thread 0x000001acf3444b80 DEOPT PACKING pc=0x000001aca3b0b7e0 sp=0x00000014b4efcaf0
Event: 19.421 Thread 0x000001acf3444b80 DEOPT UNPACKING pc=0x000001aca3253aa2 sp=0x00000014b4efca70 mode 2
Event: 19.540 Thread 0x000001acf3444b80 Uncommon trap: trap_request=0xffffff45 fr.pc=0x000001aca3b17ca4 relative=0x00000000000011a4
Event: 19.540 Thread 0x000001acf3444b80 Uncommon trap: reason=unstable_if action=reinterpret pc=0x000001aca3b17ca4 method=org.eclipse.jdt.internal.core.util.Util.splitOn(CLjava/lang/String;II)[Ljava/lang/String; @ 21 c2
Event: 19.540 Thread 0x000001acf3444b80 DEOPT PACKING pc=0x000001aca3b17ca4 sp=0x00000014b4efca30
Event: 19.540 Thread 0x000001acf3444b80 DEOPT UNPACKING pc=0x000001aca3253aa2 sp=0x00000014b4efc9f8 mode 2
Event: 19.603 Thread 0x000001acf3444b80 Uncommon trap: trap_request=0xffffff76 fr.pc=0x000001aca3b199f4 relative=0x0000000000000454
Event: 19.603 Thread 0x000001acf3444b80 Uncommon trap: reason=predicate action=maybe_recompile pc=0x000001aca3b199f4 method=java.util.ArrayList.equalsRange(Ljava/util/List;II)Z @ 31 c2
Event: 19.603 Thread 0x000001acf3444b80 DEOPT PACKING pc=0x000001aca3b199f4 sp=0x00000014b4efcd40
Event: 19.603 Thread 0x000001acf3444b80 DEOPT UNPACKING pc=0x000001aca3253aa2 sp=0x00000014b4efccc8 mode 2

Classes loaded (20 events):
Event: 19.325 Loading class java/nio/file/FileTreeWalker$Event
Event: 19.325 Loading class java/nio/file/FileTreeWalker$Event done
Event: 19.325 Loading class java/nio/file/FileTreeWalker$EventType
Event: 19.325 Loading class java/nio/file/FileTreeWalker$EventType done
Event: 19.325 Loading class java/nio/file/Files$3
Event: 19.326 Loading class java/nio/file/Files$3 done
Event: 19.326 Loading class java/nio/file/FileVisitResult
Event: 19.326 Loading class java/nio/file/FileVisitResult done
Event: 19.389 Loading class java/lang/runtime/ObjectMethods
Event: 19.390 Loading class java/lang/runtime/ObjectMethods done
Event: 19.394 Loading class java/lang/invoke/MethodHandleImpl$Makers
Event: 19.394 Loading class java/lang/invoke/MethodHandleImpl$Makers done
Event: 19.394 Loading class java/lang/invoke/MethodHandleImpl$Makers$1
Event: 19.395 Loading class java/lang/invoke/MethodHandleImpl$Makers$1 done
Event: 19.395 Loading class java/lang/invoke/MethodHandleImpl$Makers$2
Event: 19.395 Loading class java/lang/invoke/MethodHandleImpl$Makers$2 done
Event: 19.395 Loading class java/lang/invoke/MethodHandleImpl$Makers$3
Event: 19.395 Loading class java/lang/invoke/MethodHandleImpl$Makers$3 done
Event: 19.403 Loading class java/lang/runtime/ObjectMethods$1
Event: 19.403 Loading class java/lang/runtime/ObjectMethods$1 done

Classes unloaded (7 events):
Event: 5.829 Thread 0x000001acf1c22a20 Unloading class 0x000001acb1190c00 'java/lang/invoke/LambdaForm$MH+0x000001acb1190c00'
Event: 5.829 Thread 0x000001acf1c22a20 Unloading class 0x000001acb1190800 'java/lang/invoke/LambdaForm$MH+0x000001acb1190800'
Event: 5.829 Thread 0x000001acf1c22a20 Unloading class 0x000001acb1190400 'java/lang/invoke/LambdaForm$MH+0x000001acb1190400'
Event: 5.829 Thread 0x000001acf1c22a20 Unloading class 0x000001acb1190000 'java/lang/invoke/LambdaForm$MH+0x000001acb1190000'
Event: 5.829 Thread 0x000001acf1c22a20 Unloading class 0x000001acb118fc00 'java/lang/invoke/LambdaForm$BMH+0x000001acb118fc00'
Event: 5.829 Thread 0x000001acf1c22a20 Unloading class 0x000001acb118f800 'java/lang/invoke/LambdaForm$DMH+0x000001acb118f800'
Event: 5.829 Thread 0x000001acf1c22a20 Unloading class 0x000001acb118e400 'java/lang/invoke/LambdaForm$DMH+0x000001acb118e400'

Classes redefined (0 events):
No events

Internal exceptions (20 events):
Event: 18.881 Thread 0x000001acf3444b80 Exception <a 'sun/nio/fs/WindowsException'{0x00000000d5afe4c0}> (0x00000000d5afe4c0) 
thrown [s\src\hotspot\share\prims\jni.cpp, line 520]
Event: 18.881 Thread 0x000001acf3444b80 Exception <a 'sun/nio/fs/WindowsException'{0x00000000d5afeb00}> (0x00000000d5afeb00) 
thrown [s\src\hotspot\share\prims\jni.cpp, line 520]
Event: 19.003 Thread 0x000001acf3444b80 Exception <a 'sun/nio/fs/WindowsException'{0x00000000d5ee35e0}> (0x00000000d5ee35e0) 
thrown [s\src\hotspot\share\prims\jni.cpp, line 520]
Event: 19.007 Thread 0x000001acf3444b80 Exception <a 'java/io/FileNotFoundException'{0x00000000d5ef1a30}> (0x00000000d5ef1a30) 
thrown [s\src\hotspot\share\prims\jni.cpp, line 520]
Event: 19.007 Thread 0x000001acf3444b80 Exception <a 'java/io/FileNotFoundException'{0x00000000d5ef2a48}> (0x00000000d5ef2a48) 
thrown [s\src\hotspot\share\prims\jni.cpp, line 520]
Event: 19.025 Thread 0x000001acf3444b80 Exception <a 'java/lang/ClassNotFoundException'{0x00000000d5f234c0}: com/sun/org/apache/xerces/internal/impl/msg/spi/DOMMessagesProvider> (0x00000000d5f234c0) 
thrown [s\src\hotspot\share\classfile\systemDictionary.cpp, line 312]
Event: 19.027 Thread 0x000001acf3444b80 Exception <a 'java/lang/ClassNotFoundException'{0x00000000d5f34c58}: com/sun/org/apache/xerces/internal/impl/msg/spi/XMLSerializerMessagesProvider> (0x00000000d5f34c58) 
thrown [s\src\hotspot\share\classfile\systemDictionary.cpp, line 312]
Event: 19.030 Thread 0x000001acf3444b80 Exception <a 'java/lang/ClassNotFoundException'{0x00000000d5f41f48}: com/sun/org/apache/xerces/internal/impl/msg/spi/XMLMessagesProvider> (0x00000000d5f41f48) 
thrown [s\src\hotspot\share\classfile\systemDictionary.cpp, line 312]
Event: 19.207 Thread 0x000001acf3444b80 Implicit null exception at 0x000001aca3adfc2a to 0x000001aca3adfef4
Event: 19.207 Thread 0x000001acf3444b80 Exception <a 'java/lang/NoSuchMethodError'{0x00000000d617eae0}: 'long java.lang.invoke.DirectMethodHandle$Holder.invokeStatic(java.lang.Object, java.lang.Object, int)'> (0x00000000d617eae0) 
thrown [s\src\hotspot\share\interpreter\linkResolver.cpp, line 773]
Event: 19.211 Thread 0x000001acf3444b80 Exception <a 'java/lang/NoSuchMethodError'{0x00000000d6189330}: 'java.lang.Object java.lang.invoke.DelegatingMethodHandle$Holder.reinvoke_L(java.lang.Object, int, long, java.lang.Object, java.lang.Object, int, java.lang.Object)'> (0x00000000d6189330) 
thrown [s\src\hotspot\share\interpreter\linkResolver.cpp, line 773]
Event: 19.391 Thread 0x000001acf3444b80 Exception <a 'java/lang/NoSuchMethodError'{0x00000000d676ef98}: 'java.lang.Object java.lang.invoke.DirectMethodHandle$Holder.invokeStaticInit(java.lang.Object, java.lang.Object, java.lang.Object, java.lang.Object, java.lang.Object, java.lang.Object, java.lang.Object)'> (0x00000000d676ef98) 
thrown [s\src\hotspot\share\interpreter\linkResolver.cpp, line 773]
Event: 19.392 Thread 0x000001acf3444b80 Exception <a 'java/lang/NoSuchMethodError'{0x00000000d6773f50}: 'java.lang.Object java.lang.invoke.Invokers$Holder.invoke_MT(java.lang.Object, java.lang.Object, java.lang.Object, java.lang.Object, java.lang.Object, java.lang.Object, java.lang.Object, java.lang.Object, java.lang.Object, java.lang.Object)'> (0x00000000d6773f50) 
thrown [s\src\hotspot\share\interpreter\linkResolver.cpp, line 773]
Event: 19.404 Thread 0x000001acf3444b80 Exception <a 'java/lang/NoSuchMethodError'{0x00000000d67b4640}: 'int java.lang.invoke.DirectMethodHandle$Holder.invokeVirtual(java.lang.Object, java.lang.Object, java.lang.Object)'> (0x00000000d67b4640) 
thrown [s\src\hotspot\share\interpreter\linkResolver.cpp, line 773]
Event: 19.405 Thread 0x000001acf3444b80 Exception <a 'java/lang/NoSuchMethodError'{0x00000000d67b8c40}: 'int java.lang.invoke.DirectMethodHandle$Holder.invokeStaticInit(java.lang.Object, int, int)'> (0x00000000d67b8c40) 
thrown [s\src\hotspot\share\interpreter\linkResolver.cpp, line 773]
Event: 19.407 Thread 0x000001acf3444b80 Exception <a 'java/lang/NoSuchMethodError'{0x00000000d67c03e8}: 'int java.lang.invoke.DirectMethodHandle$Holder.invokeStaticInit(java.lang.Object, long, long)'> (0x00000000d67c03e8) 
thrown [s\src\hotspot\share\interpreter\linkResolver.cpp, line 773]
Event: 19.409 Thread 0x000001acf3444b80 Exception <a 'java/lang/NoSuchMethodError'{0x00000000d67c73a8}: 'int java.lang.invoke.DirectMethodHandle$Holder.invokeStaticInit(java.lang.Object, float, float)'> (0x00000000d67c73a8) 
thrown [s\src\hotspot\share\interpreter\linkResolver.cpp, line 773]
Event: 19.411 Thread 0x000001acf3444b80 Exception <a 'java/lang/NoSuchMethodError'{0x00000000d67ce338}: 'int java.lang.invoke.DirectMethodHandle$Holder.invokeStaticInit(java.lang.Object, double, double)'> (0x00000000d67ce338) 
thrown [s\src\hotspot\share\interpreter\linkResolver.cpp, line 773]
Event: 19.412 Thread 0x000001acf3444b80 Exception <a 'java/lang/NoSuchMethodError'{0x00000000d67d2b50}: 'int java.lang.invoke.DirectMethodHandle$Holder.invokeStatic(java.lang.Object, long)'> (0x00000000d67d2b50) 
thrown [s\src\hotspot\share\interpreter\linkResolver.cpp, line 773]
Event: 19.418 Thread 0x000001acf3444b80 Exception <a 'java/lang/NoSuchMethodError'{0x00000000d67f22b8}: 'int java.lang.invoke.Invokers$Holder.linkToTargetMethod(java.lang.Object, java.lang.Object)'> (0x00000000d67f22b8) 
thrown [s\src\hotspot\share\interpreter\linkResolver.cpp, line 773]

ZGC Phase Switch (0 events):
No events

VM Operations (20 events):
Event: 8.429 Executing safepoint VM operation: Cleanup
Event: 8.429 Executing safepoint VM operation: Cleanup done
Event: 9.429 Executing safepoint VM operation: Cleanup
Event: 9.429 Executing safepoint VM operation: Cleanup done
Event: 18.417 Executing non-safepoint VM operation: HandshakeAllThreads (Deoptimize)
Event: 18.417 Executing non-safepoint VM operation: HandshakeAllThreads (Deoptimize) done
Event: 18.556 Executing safepoint VM operation: ParallelGCFailedAllocation (Allocation Failure)
Event: 18.563 Executing safepoint VM operation: ParallelGCFailedAllocation (Allocation Failure) done
Event: 19.072 Executing non-safepoint VM operation: HandshakeAllThreads (Deoptimize)
Event: 19.072 Executing non-safepoint VM operation: HandshakeAllThreads (Deoptimize) done
Event: 19.139 Executing non-safepoint VM operation: HandshakeAllThreads (Deoptimize)
Event: 19.140 Executing non-safepoint VM operation: HandshakeAllThreads (Deoptimize) done
Event: 19.248 Executing non-safepoint VM operation: HandshakeAllThreads (Deoptimize)
Event: 19.248 Executing non-safepoint VM operation: HandshakeAllThreads (Deoptimize) done
Event: 19.249 Executing non-safepoint VM operation: HandshakeAllThreads (Deoptimize)
Event: 19.249 Executing non-safepoint VM operation: HandshakeAllThreads (Deoptimize) done
Event: 19.447 Executing safepoint VM operation: ParallelGCFailedAllocation (Allocation Failure)
Event: 19.452 Executing safepoint VM operation: ParallelGCFailedAllocation (Allocation Failure) done
Event: 19.554 Executing safepoint VM operation: ParallelGCFailedAllocation (Allocation Failure)
Event: 19.562 Executing safepoint VM operation: ParallelGCFailedAllocation (Allocation Failure) done

Memory protections (0 events):
No events

Nmethod flushes (0 events):
No events

Events (20 events):
Event: 6.892 Thread 0x000001ac98baf450 Thread added: 0x000001acf8564c30
Event: 6.892 Thread 0x000001ac98baf450 Thread added: 0x000001acf8562b60
Event: 6.892 Thread 0x000001ac98baf450 Thread added: 0x000001acf8561120
Event: 6.892 Thread 0x000001ac98baf450 Thread added: 0x000001acf85624d0
Event: 6.892 Thread 0x000001ac98baf450 Thread added: 0x000001acf85631f0
Event: 6.893 Thread 0x000001ac98baf450 Thread added: 0x000001acf8563880
Event: 6.893 Thread 0x000001ac98baf450 Thread added: 0x000001acf8563f10
Event: 6.893 Thread 0x000001ac98baf450 Thread added: 0x000001acf85645a0
Event: 6.893 Thread 0x000001ac98baf450 Thread added: 0x000001acf85652c0
Event: 6.893 Thread 0x000001ac98baf450 Thread added: 0x000001acf8565950
Event: 6.894 Thread 0x000001ac98baf450 Thread added: 0x000001acf8565fe0
Event: 6.894 Thread 0x000001ac98baf450 Thread added: 0x000001acf8566670
Event: 6.938 Thread 0x000001ac98baf450 Thread added: 0x000001acf34409e0
Event: 7.272 Thread 0x000001ac98baf450 Thread added: 0x000001acf3444b80
Event: 7.272 Thread 0x000001ac98baf450 Thread added: 0x000001acf3445210
Event: 8.615 Thread 0x000001acf1e79cb0 Thread exited: 0x000001acf1e79cb0
Event: 10.014 Thread 0x000001acf1d622b0 Thread exited: 0x000001acf1d622b0
Event: 18.683 Thread 0x000001acf1ec71a0 Thread added: 0x000001acf3445f30
Event: 18.691 Thread 0x000001acf3445f30 Thread exited: 0x000001acf3445f30
Event: 19.285 Thread 0x000001acf1c5a170 Thread added: 0x000001acf8f2fdd0


Dynamic libraries:
0x00007ff6c6b00000 - 0x00007ff6c6b0e000 	c:\Users\HP\.vscode\extensions\redhat.java-1.54.0-win32-x64\jre\21.0.10-win32-x86_64\bin\java.exe
0x00007ff8d8610000 - 0x00007ff8d8827000 	C:\WINDOWS\SYSTEM32\ntdll.dll
0x00007ff8d6dd0000 - 0x00007ff8d6e94000 	C:\WINDOWS\System32\KERNEL32.DLL
0x00007ff8d5d80000 - 0x00007ff8d6152000 	C:\WINDOWS\System32\KERNELBASE.dll
0x00007ff8d5980000 - 0x00007ff8d5a91000 	C:\WINDOWS\System32\ucrtbase.dll
0x00007ff898430000 - 0x00007ff898448000 	c:\Users\HP\.vscode\extensions\redhat.java-1.54.0-win32-x64\jre\21.0.10-win32-x86_64\bin\jli.dll
0x00007ff898080000 - 0x00007ff89809e000 	c:\Users\HP\.vscode\extensions\redhat.java-1.54.0-win32-x64\jre\21.0.10-win32-x86_64\bin\VCRUNTIME140.dll
0x00007ff8d7de0000 - 0x00007ff8d7f91000 	C:\WINDOWS\System32\USER32.dll
0x00007ff8d5700000 - 0x00007ff8d5726000 	C:\WINDOWS\System32\win32u.dll
0x00007ff8bb080000 - 0x00007ff8bb31b000 	C:\WINDOWS\WinSxS\amd64_microsoft.windows.common-controls_6595b64144ccf1df_6.0.22621.5547_none_27104afb73855772\COMCTL32.dll
0x00007ff8d6bc0000 - 0x00007ff8d6be9000 	C:\WINDOWS\System32\GDI32.dll
0x00007ff8d8520000 - 0x00007ff8d85c7000 	C:\WINDOWS\System32\msvcrt.dll
0x00007ff8d5730000 - 0x00007ff8d5853000 	C:\WINDOWS\System32\gdi32full.dll
0x00007ff8d5860000 - 0x00007ff8d58fa000 	C:\WINDOWS\System32\msvcp_win.dll
0x00007ff8d7d50000 - 0x00007ff8d7d81000 	C:\WINDOWS\System32\IMM32.DLL
0x00007ff8c0f90000 - 0x00007ff8c0f9c000 	c:\Users\HP\.vscode\extensions\redhat.java-1.54.0-win32-x64\jre\21.0.10-win32-x86_64\bin\vcruntime140_1.dll
0x00007ff885530000 - 0x00007ff8855bd000 	c:\Users\HP\.vscode\extensions\redhat.java-1.54.0-win32-x64\jre\21.0.10-win32-x86_64\bin\msvcp140.dll
0x00007ff83e370000 - 0x00007ff83f111000 	c:\Users\HP\.vscode\extensions\redhat.java-1.54.0-win32-x64\jre\21.0.10-win32-x86_64\bin\server\jvm.dll
0x00007ff8d8450000 - 0x00007ff8d8501000 	C:\WINDOWS\System32\ADVAPI32.dll
0x00007ff8d68e0000 - 0x00007ff8d6988000 	C:\WINDOWS\System32\sechost.dll
0x00007ff8d5d50000 - 0x00007ff8d5d78000 	C:\WINDOWS\System32\bcrypt.dll
0x00007ff8d6990000 - 0x00007ff8d6aa4000 	C:\WINDOWS\System32\RPCRT4.dll
0x00007ff8d6bf0000 - 0x00007ff8d6c61000 	C:\WINDOWS\System32\WS2_32.dll
0x00007ff8d5370000 - 0x00007ff8d53bd000 	C:\WINDOWS\SYSTEM32\POWRPROF.dll
0x00007ff8d0dc0000 - 0x00007ff8d0df4000 	C:\WINDOWS\SYSTEM32\WINMM.dll
0x00007ff8cd220000 - 0x00007ff8cd22a000 	C:\WINDOWS\SYSTEM32\VERSION.dll
0x00007ff8d5350000 - 0x00007ff8d5363000 	C:\WINDOWS\SYSTEM32\UMPDC.dll
0x00007ff8d46d0000 - 0x00007ff8d46e8000 	C:\WINDOWS\SYSTEM32\kernel.appcore.dll
0x00007ff8c0be0000 - 0x00007ff8c0bea000 	c:\Users\HP\.vscode\extensions\redhat.java-1.54.0-win32-x64\jre\21.0.10-win32-x86_64\bin\jimage.dll
0x00007ff8cd720000 - 0x00007ff8cd953000 	C:\WINDOWS\SYSTEM32\DBGHELP.DLL
0x00007ff8d80b0000 - 0x00007ff8d8443000 	C:\WINDOWS\System32\combase.dll
0x00007ff8d6ad0000 - 0x00007ff8d6ba7000 	C:\WINDOWS\System32\OLEAUT32.dll
0x00007ff8b74f0000 - 0x00007ff8b7522000 	C:\WINDOWS\SYSTEM32\dbgcore.DLL
0x00007ff8d5900000 - 0x00007ff8d597b000 	C:\WINDOWS\System32\bcryptPrimitives.dll
0x00007ff8bc350000 - 0x00007ff8bc35f000 	c:\Users\HP\.vscode\extensions\redhat.java-1.54.0-win32-x64\jre\21.0.10-win32-x86_64\bin\instrument.dll
0x00007ff8966f0000 - 0x00007ff896710000 	c:\Users\HP\.vscode\extensions\redhat.java-1.54.0-win32-x64\jre\21.0.10-win32-x86_64\bin\java.dll
0x00007ff8d7240000 - 0x00007ff8d7ae2000 	C:\WINDOWS\System32\SHELL32.dll
0x00007ff8d5c10000 - 0x00007ff8d5d4f000 	C:\WINDOWS\System32\wintypes.dll
0x00007ff8d35e0000 - 0x00007ff8d3efd000 	C:\WINDOWS\SYSTEM32\windows.storage.dll
0x00007ff8d62a0000 - 0x00007ff8d63ac000 	C:\WINDOWS\System32\SHCORE.dll
0x00007ff8d71d0000 - 0x00007ff8d7239000 	C:\WINDOWS\System32\shlwapi.dll
0x00007ff8d5630000 - 0x00007ff8d565b000 	C:\WINDOWS\SYSTEM32\profapi.dll
0x00007ff8a5650000 - 0x00007ff8a5668000 	c:\Users\HP\.vscode\extensions\redhat.java-1.54.0-win32-x64\jre\21.0.10-win32-x86_64\bin\zip.dll
0x00007ff8ba020000 - 0x00007ff8ba030000 	C:\Users\HP\.vscode\extensions\redhat.java-1.54.0-win32-x64\jre\21.0.10-win32-x86_64\bin\net.dll
0x00007ff8d1940000 - 0x00007ff8d1a6c000 	C:\WINDOWS\SYSTEM32\WINHTTP.dll
0x00007ff8d4bb0000 - 0x00007ff8d4c19000 	C:\WINDOWS\system32\mswsock.dll
0x00007ff896770000 - 0x00007ff896786000 	C:\Users\HP\.vscode\extensions\redhat.java-1.54.0-win32-x64\jre\21.0.10-win32-x86_64\bin\nio.dll
0x00007ff8b9b80000 - 0x00007ff8b9b90000 	c:\Users\HP\.vscode\extensions\redhat.java-1.54.0-win32-x64\jre\21.0.10-win32-x86_64\bin\verify.dll
0x00007ff892de0000 - 0x00007ff892e25000 	C:\Users\HP\AppData\Roaming\Code\User\globalStorage\redhat.java\1.54.0\config_ss_win\org.eclipse.equinox.launcher\org.eclipse.equinox.launcher.win32.win32.x86_64_1.3.0.v20260203-2149\eclipse_11919.dll
0x00007ff8d7af0000 - 0x00007ff8d7c90000 	C:\WINDOWS\System32\ole32.dll
0x00007ff8b29a0000 - 0x00007ff8b29aa000 	C:\Users\HP\.vscode\extensions\redhat.java-1.54.0-win32-x64\jre\21.0.10-win32-x86_64\bin\management.dll
0x00007ff8aea20000 - 0x00007ff8aea2c000 	C:\Users\HP\.vscode\extensions\redhat.java-1.54.0-win32-x64\jre\21.0.10-win32-x86_64\bin\management_ext.dll
0x00007ff8d6bb0000 - 0x00007ff8d6bb8000 	C:\WINDOWS\System32\PSAPI.DLL
0x00007ff8d4e10000 - 0x00007ff8d4e2b000 	C:\WINDOWS\SYSTEM32\CRYPTSP.dll
0x00007ff8d4670000 - 0x00007ff8d46a7000 	C:\WINDOWS\system32\rsaenh.dll
0x00007ff8d4ca0000 - 0x00007ff8d4cc8000 	C:\WINDOWS\SYSTEM32\USERENV.dll
0x00007ff8d4e00000 - 0x00007ff8d4e0c000 	C:\WINDOWS\SYSTEM32\CRYPTBASE.dll
0x00007ff8d4150000 - 0x00007ff8d417d000 	C:\WINDOWS\SYSTEM32\IPHLPAPI.DLL
0x00007ff8d6c70000 - 0x00007ff8d6c79000 	C:\WINDOWS\System32\NSI.dll
0x00007ff88a200000 - 0x00007ff88a249000 	C:\Users\HP\AppData\Local\Temp\jna-2312\jna2658168319478136722.dll
0x00007ff8d1560000 - 0x00007ff8d1579000 	C:\WINDOWS\SYSTEM32\dhcpcsvc6.DLL
0x00007ff8d1470000 - 0x00007ff8d148f000 	C:\WINDOWS\SYSTEM32\dhcpcsvc.DLL

JVMTI agents:
c:\Users\HP\.vscode\extensions\redhat.java-1.54.0-win32-x64\lombok\lombok-1.18.39-4050.jar path:c:\Users\HP\.vscode\extensions\redhat.java-1.54.0-win32-x64\jre\21.0.10-win32-x86_64\bin\instrument.dll, loaded, initialized, instrumentlib options:none

dbghelp: loaded successfully - version: 4.0.5 - missing functions: none
symbol engine: initialized successfully - sym options: 0x614 - pdb path: .;c:\Users\HP\.vscode\extensions\redhat.java-1.54.0-win32-x64\jre\21.0.10-win32-x86_64\bin;C:\WINDOWS\SYSTEM32;C:\WINDOWS\WinSxS\amd64_microsoft.windows.common-controls_6595b64144ccf1df_6.0.22621.5547_none_27104afb73855772;c:\Users\HP\.vscode\extensions\redhat.java-1.54.0-win32-x64\jre\21.0.10-win32-x86_64\bin\server;C:\Users\HP\AppData\Roaming\Code\User\globalStorage\redhat.java\1.54.0\config_ss_win\org.eclipse.equinox.launcher\org.eclipse.equinox.launcher.win32.win32.x86_64_1.3.0.v20260203-2149;C:\Users\HP\AppData\Local\Temp\jna-2312

VM Arguments:
jvm_args: --add-modules=ALL-SYSTEM --add-opens=java.base/java.util=ALL-UNNAMED --add-opens=java.base/java.lang=ALL-UNNAMED --add-opens=java.base/sun.nio.fs=ALL-UNNAMED -Declipse.application=org.eclipse.jdt.ls.core.id1 -Dosgi.bundles.defaultStartLevel=4 -Declipse.product=org.eclipse.jdt.ls.core.product -Djava.import.generatesMetadataFilesAtProjectRoot=false -DDetectVMInstallationsJob.disabled=true -Dfile.encoding=utf8 -XX:+UseParallelGC -XX:GCTimeRatio=4 -XX:AdaptiveSizePolicyWeight=90 -Dsun.zip.disableMemoryMapping=true -Xmx2G -Xms100m -Xlog:disable -javaagent:c:\Users\HP\.vscode\extensions\redhat.java-1.54.0-win32-x64\lombok\lombok-1.18.39-4050.jar 
java_command: c:\Users\HP\.vscode\extensions\redhat.java-1.54.0-win32-x64\server\plugins\org.eclipse.equinox.launcher_1.7.100.v20251111-0406.jar -configuration c:\Users\HP\AppData\Roaming\Code\User\globalStorage\redhat.java\1.54.0\config_ss_win -data c:\Users\HP\AppData\Roaming\Code\User\workspaceStorage\0f96ec3aa47e8d701519645bb2bb7edb\redhat.java\ss_ws --pipe=\\.\pipe\lsp-33fbc1b6ede5b7c470e3a973ac83a7a4-sock
java_class_path (initial): c:\Users\HP\.vscode\extensions\redhat.java-1.54.0-win32-x64\server\plugins\org.eclipse.equinox.launcher_1.7.100.v20251111-0406.jar
Launcher Type: SUN_STANDARD

[Global flags]
    uintx AdaptiveSizePolicyWeight                 = 90                                        {product} {command line}
     intx CICompilerCount                          = 12                                        {product} {ergonomic}
    uintx GCTimeRatio                              = 4                                         {product} {command line}
   size_t InitialHeapSize                          = 104857600                                 {product} {command line}
   size_t MaxHeapSize                              = 2147483648                                {product} {command line}
   size_t MaxNewSize                               = 715653120                                 {product} {ergonomic}
   size_t MinHeapDeltaBytes                        = 524288                                    {product} {ergonomic}
   size_t MinHeapSize                              = 104857600                                 {product} {command line}
   size_t NewSize                                  = 34603008                                  {product} {ergonomic}
    uintx NonNMethodCodeHeapSize                   = 7602480                                {pd product} {ergonomic}
    uintx NonProfiledCodeHeapSize                  = 122027880                              {pd product} {ergonomic}
   size_t OldSize                                  = 70254592                                  {product} {ergonomic}
    uintx ProfiledCodeHeapSize                     = 122027880                              {pd product} {ergonomic}
    uintx ReservedCodeCacheSize                    = 251658240                              {pd product} {ergonomic}
     bool SegmentedCodeCache                       = true                                      {product} {ergonomic}
   size_t SoftMaxHeapSize                          = 2147483648                             {manageable} {ergonomic}
     bool UseCompressedOops                        = true                           {product lp64_product} {ergonomic}
     bool UseLargePagesIndividualAllocation        = false                                  {pd product} {ergonomic}
     bool UseParallelGC                            = true                                      {product} {command line}

Logging:
Log output configuration:
 #0: stdout all=off uptime,level,tags foldmultilines=false
 #1: stderr all=off uptime,level,tags foldmultilines=false

Release file:
JAVA_VERSION="21.0.10" 
MODULES="java.base java.compiler java.datatransfer java.xml java.prefs java.desktop java.instrument java.logging java.management java.security.sasl java.naming java.rmi java.management.rmi java.net.http java.scripting java.security.jgss java.transaction.xa java.sql java.sql.rowset java.xml.crypto java.se java.smartcardio jdk.accessibility jdk.internal.jvmstat jdk.attach jdk.charsets jdk.internal.opt jdk.zipfs jdk.compiler jdk.crypto.ec jdk.crypto.cryptoki jdk.crypto.mscapi jdk.dynalink jdk.internal.ed jdk.editpad jdk.hotspot.agent jdk.httpserver jdk.internal.le jdk.internal.vm.ci jdk.internal.vm.compiler jdk.internal.vm.compiler.management jdk.jartool jdk.javadoc jdk.jcmd jdk.management jdk.management.agent jdk.jconsole jdk.jdeps jdk.jdwp.agent jdk.jdi jdk.jfr jdk.jshell jdk.jsobject jdk.jstatd jdk.localedata jdk.management.jfr jdk.naming.dns jdk.naming.rmi jdk.net jdk.nio.mapmode jdk.random jdk.sctp jdk.security.auth jdk.security.jgss jdk.unsupported jdk.unsupported.desktop jdk.xml.dom" 

Environment Variables:
PATH=C:\Program Files\Common Files\Oracle\Java\javapath;D:\oracle\dbhomeXE\bin;C:\WINDOWS\system32;C:\WINDOWS;C:\WINDOWS\System32\Wbem;C:\WINDOWS\System32\WindowsPowerShell\v1.0\;C:\WINDOWS\System32\OpenSSH\;C:\Program Files\dotnet\;C:\MinGW\bin;C:\Program Files\Git\cmd;C:\Program Files\PuTTY\;C:\Users\HP\AppData\Local\Programs\Python\Python313\Scripts\;C:\Users\HP\AppData\Local\Programs\Python\Python313\;C:\Users\HP\AppData\Local\Programs\Python\Launcher\;C:\Users\HP\AppData\Local\Microsoft\WindowsApps;;C:\Users\HP\AppData\Local\Programs\Microsoft VS Code\bin;D:\Python\PyCharm 2025.2.1.1\bin
USERNAME=HP
OS=Windows_NT
PROCESSOR_IDENTIFIER=AMD64 Family 23 Model 104 Stepping 1, AuthenticAMD
TMP=C:\Users\HP\AppData\Local\Temp
TEMP=C:\Users\HP\AppData\Local\Temp




Periodic native trim disabled

---------------  S Y S T E M  ---------------

OS:
 Windows 11 , 64 bit Build 22621 (10.0.22621.5415)
OS uptime: 7 days 3:17 hours
Hyper-V role detected

CPU: total 16 (initial active 16) (16 cores per cpu, 2 threads per core) family 23 model 104 stepping 1 microcode 0x0, cx8, cmov, fxsr, ht, mmx, 3dnowpref, sse, sse2, sse3, ssse3, sse4a, sse4.1, sse4.2, popcnt, lzcnt, tsc, tscinvbit, avx, avx2, aes, clmul, bmi1, bmi2, adx, sha, fma, vzeroupper, clflush, clflushopt, hv, rdtscp, rdpid, f16c
Processor Information for the first 16 processors :
  Max Mhz: 1801, Current Mhz: 1801, Mhz Limit: 1801

Memory: 4k page, system-wide physical 7501M (347M free)
TotalPageFile size 23511M (AvailPageFile size 7M)
current process WorkingSet (physical memory assigned to process): 158M, peak: 162M
current process commit charge ("private bytes"): 299M, peak: 311M

vm_info: OpenJDK 64-Bit Server VM (21.0.10+7-LTS) for windows-amd64 JRE (21.0.10+7-LTS), built on 2026-01-20T00:00:00Z by "admin" with MS VC++ 17.12 (VS2022)

END.
